******************************************************************************
                  TI ARM Linker PC v18.1.4                     
******************************************************************************
>> Linked Thu Jul 11 18:49:20 2019

OUTPUT FILE NAME:   <autonomous_prototype_version_2.out>
ENTRY POINT SYMBOL: "_c_int00_noargs"  address: 00005219


MEMORY CONFIGURATION

         name            origin    length      used     unused   attr    fill
----------------------  --------  ---------  --------  --------  ----  --------
  FLASH                 00000000   00040000  00005800  0003a800  R  X
  SRAM                  20000000   00008000  000002d7  00007d29  RW X


SEGMENT ALLOCATION MAP

run origin  load origin   length   init length attrs members
----------  ----------- ---------- ----------- ----- -------
00000000    00000000    00005800   00005800    r-x
  00000000    00000000    0000026c   0000026c    r-- .intvecs
  0000026c    0000026c    0000515c   0000515c    r-x .text
  000053c8    000053c8    00000400   00000400    r-- .const
  000057c8    000057c8    00000038   00000038    r-- .cinit
20000000    20000000    000002dc   00000000    rw-
  20000000    20000000    00000200   00000000    rw- .stack
  20000200    20000200    000000a3   00000000    rw- .bss
  200002a8    200002a8    00000034   00000000    rw- .data


SECTION ALLOCATION MAP

 output                                  attributes/
section   page    origin      length       input sections
--------  ----  ----------  ----------   ----------------
.intvecs   0    00000000    0000026c     
                  00000000    0000026c     tm4c123gh6pm_startup_ccs.obj (.intvecs)

.text      0    0000026c    0000515c     
                  0000026c    00000bb8     main.obj (.text)
                  00000e24    000009c0     rtsv7M4_T_le_v4SPD16_eabi.lib : e_pow.c.obj (.text:pow)
                  000017e4    00000738                                   : k_rem_pio2.c.obj (.text:__kernel_rem_pio2)
                  00001f1c    000005f0     Drivers.obj (.text)
                  0000250c    000005dc     rtsv7M4_T_le_v4SPD16_eabi.lib : s_cos.c.obj (.text:cos)
                  00002ae8    000005c4                                   : s_sin.c.obj (.text:sin)
                  000030ac    00000460                                   : strtod.c.obj (.text:strtod)
                  0000350c    00000348     Ublox.obj (.text)
                  00003854    000002ec     rtsv7M4_T_le_v4SPD16_eabi.lib : s_atan.c.obj (.text:atan)
                  00003b40    000002e8     compass.obj (.text)
                  00003e28    00000234     rtsv7M4_T_le_v4SPD16_eabi.lib : e_fmod.c.obj (.text:fmod)
                  0000405c    000001d8                                   : e_atan2.c.obj (.text:atan2)
                  00004234    000001b6                                   : fd_add_t2.asm.obj (.text)
                  000043ea    00000002     --HOLE-- [fill = 0]
                  000043ec    00000174                                   : k_sin.c.obj (.text:__kernel_sin)
                  00004560    0000016c                                   : k_cos.c.obj (.text:__kernel_cos)
                  000046cc    00000164     FloatToString.obj (.text)
                  00004830    00000158     rtsv7M4_T_le_v4SPD16_eabi.lib : e_sqrt.c.obj (.text:sqrt)
                  00004988    00000136                                   : fd_div_t2.asm.obj (.text)
                  00004abe    00000002     --HOLE-- [fill = 0]
                  00004ac0    00000110                                   : s_scalbn.c.obj (.text:scalbn)
                  00004bd0    000000fc                                   : fd_mul_t2.asm.obj (.text)
                  00004ccc    000000f8                                   : s_floor.c.obj (.text:floor)
                  00004dc4    0000009c                                   : memcpy_t2.asm.obj (.text)
                  00004e60    00000086                                   : fd_cmp_t2.asm.obj (.text:__aeabi_cdcmple)
                  00004ee6    00000086                                   : fd_cmp_t2.asm.obj (.text:__aeabi_cdrcmple)
                  00004f6c    0000007a                                   : memset_t2.asm.obj (.text)
                  00004fe6    0000006e                                   : fd_tos_t2.asm.obj (.text)
                  00005054    00000068                                   : copy_decompress_lzss.c.obj (.text:decompress:lzss:__TI_decompress_lzss)
                  000050bc    0000004c                                   : atoi.c.obj (.text:atoi)
                  00005108    00000048                                   : fd_toi_t2.asm.obj (.text)
                  00005150    00000044                                   : autoinit.c.obj (.text:__TI_auto_init_nobinit_nopinit:__TI_auto_init_nobinit_nopinit)
                  00005194    00000044                                   : fd_tou_t2.asm.obj (.text)
                  000051d8    00000040                                   : strtok.c.obj (.text:strtok)
                  00005218    00000038                                   : boot_cortex_m.c.obj (.text:_c_int00_noargs:_c_int00_noargs)
                  00005250    00000038                                   : fs_tod_t2.asm.obj (.text)
                  00005288    0000002e                                   : i_tofd_t2.asm.obj (.text)
                  000052b6    0000002c                                   : strncmp.c.obj (.text:strncmp)
                  000052e2    0000002a                                   : strspn.c.obj (.text:strspn)
                  0000530c    00000024                                   : strcspn.c.obj (.text:strcspn)
                  00005330    00000020                                   : u_tofd_t2.asm.obj (.text)
                  00005350    00000014                                   : s_copysign.c.obj (.text:copysign)
                  00005364    00000014                                   : strlen.c.obj (.text:strlen)
                  00005378    00000012                                   : atof.c.obj (.text:atof)
                  0000538a    00000012                                   : copy_zero_init.c.obj (.text:decompress:ZI:__TI_zero_init_nomemset:__TI_zero_init_nomemset)
                  0000539c    0000000e                                   : copy_decompress_none.c.obj (.text:decompress:none:__TI_decompress_none)
                  000053aa    0000000c     tm4c123gh6pm_startup_ccs.obj (.text)
                  000053b6    00000002     --HOLE-- [fill = 0]
                  000053b8    00000008     rtsv7M4_T_le_v4SPD16_eabi.lib : errno.c.obj (.text:__aeabi_errno_addr)
                  000053c0    00000004                                   : pre_init.c.obj (.text:_system_pre_init)
                  000053c4    00000004                                   : exit.c.obj (.text:abort:abort)

.const     0    000053c8    00000400     
                  000053c8    00000158     rtsv7M4_T_le_v4SPD16_eabi.lib : k_rem_pio2.c.obj (.const:$O1$$)
                  00005520    00000101                                   : ctype.c.obj (.const:.string:_ctypes_)
                  00005621    00000007     --HOLE-- [fill = 0]
                  00005628    000000c8                                   : strtod.c.obj (.const:$O1$$)
                  000056f0    00000098                                   : s_atan.c.obj (.const:$O1$$)
                  00005788    00000030                                   : e_pow.c.obj (.const:$O1$$)
                  000057b8    00000010                                   : e_fmod.c.obj (.const:Zero)

.cinit     0    000057c8    00000038     
                  000057c8    0000000e     (.cinit..data.load) [load image, compression = lzss]
                  000057d6    00000002     --HOLE-- [fill = 0]
                  000057d8    0000000c     (__TI_handler_table)
                  000057e4    00000004     --HOLE-- [fill = 0]
                  000057e8    00000008     (.cinit..bss.load) [load image, compression = zero_init]
                  000057f0    00000010     (__TI_cinit_table)

.init_array 
*          0    00000000    00000000     UNINITIALIZED

.bss       0    20000200    000000a3     UNINITIALIZED
                  20000200    00000078     (.common:buf1)
                  20000278    00000008     (.common:Current_Latitude)
                  20000280    00000008     (.common:Current_Longitude)
                  20000288    00000008     (.common:timeDateReadBack)
                  20000290    00000004     (.common:flag)
                  20000294    00000002     (.common:xhigh)
                  20000296    00000002     (.common:xlow)
                  20000298    00000002     (.common:yhigh)
                  2000029a    00000002     (.common:ylow)
                  2000029c    00000001     (.common:Sats_Num)
                  2000029d    00000001     (.common:Validity)
                  2000029e    00000001     (.common:addr)
                  2000029f    00000001     (.common:mode)
                  200002a0    00000001     (.common:oversampling)
                  200002a1    00000001     (.common:range)
                  200002a2    00000001     (.common:rate)

.data      0    200002a8    00000034     UNINITIALIZED
                  200002a8    00000028     main.obj (.data)
                  200002d0    00000004     compass.obj (.data)
                  200002d4    00000004     rtsv7M4_T_le_v4SPD16_eabi.lib : errno.c.obj (.data)
                  200002d8    00000004                                   : strtok.c.obj (.data)

.stack     0    20000000    00000200     UNINITIALIZED
                  20000000    00000004     rtsv7M4_T_le_v4SPD16_eabi.lib : boot_cortex_m.c.obj (.stack)
                  20000004    000001fc     --HOLE--

MODULE SUMMARY

       Module                         code    ro data   rw data
       ------                         ----    -------   -------
    .\
       main.obj                       3000    0         40     
       Drivers.obj                    1520    0         0      
       Ublox.obj                      840     0         138    
       compass.obj                    744     0         29     
       tm4c123gh6pm_startup_ccs.obj   12      620       0      
       FloatToString.obj              356     0         0      
    +--+------------------------------+-------+---------+---------+
       Total:                         6472    620       207    
                                                               
    C:\ti\ccsv8\tools\compiler\ti-cgt-arm_18.1.4.LTS\lib\rtsv7M4_T_le_v4SPD16_eabi.lib
       e_pow.c.obj                    2496    48        0      
       k_rem_pio2.c.obj               1848    344       0      
       s_cos.c.obj                    1500    0         0      
       s_sin.c.obj                    1476    0         0      
       strtod.c.obj                   1120    200       0      
       s_atan.c.obj                   748     152       0      
       e_fmod.c.obj                   564     16        0      
       e_atan2.c.obj                  472     0         0      
       fd_add_t2.asm.obj              438     0         0      
       k_sin.c.obj                    372     0         0      
       k_cos.c.obj                    364     0         0      
       e_sqrt.c.obj                   344     0         0      
       fd_div_t2.asm.obj              310     0         0      
       s_scalbn.c.obj                 272     0         0      
       fd_cmp_t2.asm.obj              268     0         0      
       ctype.c.obj                    0       257       0      
       fd_mul_t2.asm.obj              252     0         0      
       s_floor.c.obj                  248     0         0      
       memcpy_t2.asm.obj              156     0         0      
       memset_t2.asm.obj              122     0         0      
       fd_tos_t2.asm.obj              110     0         0      
       copy_decompress_lzss.c.obj     104     0         0      
       atoi.c.obj                     76      0         0      
       fd_toi_t2.asm.obj              72      0         0      
       autoinit.c.obj                 68      0         0      
       fd_tou_t2.asm.obj              68      0         0      
       strtok.c.obj                   64      0         4      
       boot_cortex_m.c.obj            56      0         0      
       fs_tod_t2.asm.obj              56      0         0      
       i_tofd_t2.asm.obj              46      0         0      
       strncmp.c.obj                  44      0         0      
       strspn.c.obj                   42      0         0      
       strcspn.c.obj                  36      0         0      
       u_tofd_t2.asm.obj              32      0         0      
       s_copysign.c.obj               20      0         0      
       strlen.c.obj                   20      0         0      
       atof.c.obj                     18      0         0      
       copy_zero_init.c.obj           18      0         0      
       copy_decompress_none.c.obj     14      0         0      
       errno.c.obj                    8       0         4      
       exit.c.obj                     4       0         0      
       pre_init.c.obj                 4       0         0      
    +--+------------------------------+-------+---------+---------+
       Total:                         14350   1017      8      
                                                               
       Stack:                         0       0         512    
       Linker Generated:              0       50        0      
    +--+------------------------------+-------+---------+---------+
       Grand Total:                   20822   1687      727    


LINKER GENERATED COPY TABLES

__TI_cinit_table @ 000057f0 records: 2, size/record: 8, table size: 16
	.data: load addr=000057c8, load size=0000000e bytes, run addr=200002a8, run size=00000034 bytes, compression=lzss
	.bss: load addr=000057e8, load size=00000008 bytes, run addr=20000200, run size=000000a3 bytes, compression=zero_init


LINKER GENERATED HANDLER TABLE

__TI_handler_table @ 000057d8 records: 3, size/record: 4, table size: 12
	index: 0, handler: __TI_decompress_lzss
	index: 1, handler: __TI_decompress_none
	index: 2, handler: __TI_zero_init


GLOBAL SYMBOLS: SORTED ALPHABETICALLY BY Name 

address   name                          
-------   ----                          
000053c5  C$$EXIT                       
20000278  Current_Latitude              
20000280  Current_Longitude             
000022b5  I2C1_Init                     
00002469  I2C1_byteWrite                
00002375  I2C1_read                     
00000a65  PortE_Init                    
00001f1d  PortF_Init                    
00003b41  QMC5883L_init                 
00003c29  QMC5883L_readHeading          
00003b7b  QMC5883L_reconfig             
00003b67  QMC5883L_reset                
00003bab  QMC5883L_setOversampling      
00003beb  QMC5883L_setSamplingRate      
000053ab  ResetISR                      
2000029c  Sats_Num                      
0000208d  UART0Tx                       
00001fd3  UART0_Init                    
00001fad  UART5Rx                       
00002033  UART5_Init                    
2000029d  Validity                      
20000200  __STACK_END                   
00000200  __STACK_SIZE                  
20000200  __STACK_TOP                   
000057f0  __TI_CINIT_Base               
00005800  __TI_CINIT_Limit              
000057d8  __TI_Handler_Table_Base       
000057e4  __TI_Handler_Table_Limit      
00005151  __TI_auto_init_nobinit_nopinit
00005055  __TI_decompress_lzss          
0000539d  __TI_decompress_none          
ffffffff  __TI_pprof_out_hndl           
ffffffff  __TI_prof_data_size           
ffffffff  __TI_prof_data_start          
00000000  __TI_static_base__            
0000538b  __TI_zero_init_nomemset       
00004e61  __aeabi_cdcmpeq               
00004e61  __aeabi_cdcmple               
00004ee7  __aeabi_cdrcmple              
00004fe7  __aeabi_d2f                   
00005109  __aeabi_d2iz                  
00005195  __aeabi_d2uiz                 
0000423f  __aeabi_dadd                  
00004989  __aeabi_ddiv                  
00004bd1  __aeabi_dmul                  
00004235  __aeabi_dsub                  
000053b9  __aeabi_errno_addr            
00005251  __aeabi_f2d                   
00005289  __aeabi_i2d                   
00004f6d  __aeabi_memclr                
00004f6d  __aeabi_memclr4               
00004f6d  __aeabi_memclr8               
00004dc5  __aeabi_memcpy                
00004dc5  __aeabi_memcpy4               
00004dc5  __aeabi_memcpy8               
00004f6f  __aeabi_memset                
00004f6f  __aeabi_memset4               
00004f6f  __aeabi_memset8               
00005331  __aeabi_ui2d                  
ffffffff  __binit__                     
ffffffff  __c_args__                    
00004561  __kernel_cos                  
000017e5  __kernel_rem_pio2             
000043ed  __kernel_sin                  
UNDEFED   __mpu_init                    
20000000  __stack                       
00005219  _c_int00_noargs               
00005520  _ctypes_                      
UNDEFED   _system_post_cinit            
000053c1  _system_pre_init              
000053c5  abort                         
2000029e  addr                          
00003855  atan                          
0000405d  atan2                         
0000405d  atan2l                        
00003855  atanl                         
00005379  atof                          
000050bd  atoi                          
00000b6d  backward                      
00000c41  bearing                       
ffffffff  binit                         
20000200  buf1                          
0000354d  check_checksum                
00005351  copysign                      
00005351  copysignl                     
0000250d  cos                           
0000250d  cosl                          
0000226b  deg2rad                       
00001f6b  delayMs                       
200002c0  difference                    
0000350d  encode                        
200002d4  errno                         
20000290  flag                          
00004ccd  floor                         
00004ccd  floorl                        
00003e29  fmod                          
00003e29  fmodl                         
00000b39  forward                       
00004787  ftoa                          
00000000  g_pfnVectors                  
000008a9  getDistanceFromLatLonInKm     
000020ad  getDistanceFromLatLonInm      
200002b8  heading                       
0000471d  intToStr                      
00004ac1  ldexp                         
00004ac1  ldexpl                        
00000ba9  left                          
200002c8  m1                            
200002cc  m2                            
0000026d  main                          
00004dc5  memcpy                        
00004f75  memset                        
2000029f  mode                          
200002a0  oversampling                  
000035f9  parse_hex                     
00000e25  pow                           
00000e25  powl                          
000037d1  printStr                      
00003527  process_buf                   
00000a8d  pwm_speed                     
200002a1  range                         
200002a2  rate                          
00003643  read_gga                      
000046cd  reverse                       
00000bdd  right                         
200002b0  rotate                        
00004ac1  scalbn                        
00004ac1  scalbnl                       
00002ae9  sin                           
00002ae9  sinl                          
00004831  sqrt                          
00004831  sqrtl                         
00000c11  stop                          
0000530d  strcspn                       
00005365  strlen                        
000052b7  strncmp                       
000052e3  strspn                        
000030ad  strtod                        
000051d9  strtok                        
000030ad  strtold                       
200002a8  target_angle                  
20000288  timeDateReadBack              
20000294  xhigh                         
20000296  xlow                          
20000298  yhigh                         
2000029a  ylow                          


GLOBAL SYMBOLS: SORTED BY Symbol Address 

address   name                          
-------   ----                          
00000000  __TI_static_base__            
00000000  g_pfnVectors                  
00000200  __STACK_SIZE                  
0000026d  main                          
000008a9  getDistanceFromLatLonInKm     
00000a65  PortE_Init                    
00000a8d  pwm_speed                     
00000b39  forward                       
00000b6d  backward                      
00000ba9  left                          
00000bdd  right                         
00000c11  stop                          
00000c41  bearing                       
00000e25  pow                           
00000e25  powl                          
000017e5  __kernel_rem_pio2             
00001f1d  PortF_Init                    
00001f6b  delayMs                       
00001fad  UART5Rx                       
00001fd3  UART0_Init                    
00002033  UART5_Init                    
0000208d  UART0Tx                       
000020ad  getDistanceFromLatLonInm      
0000226b  deg2rad                       
000022b5  I2C1_Init                     
00002375  I2C1_read                     
00002469  I2C1_byteWrite                
0000250d  cos                           
0000250d  cosl                          
00002ae9  sin                           
00002ae9  sinl                          
000030ad  strtod                        
000030ad  strtold                       
0000350d  encode                        
00003527  process_buf                   
0000354d  check_checksum                
000035f9  parse_hex                     
00003643  read_gga                      
000037d1  printStr                      
00003855  atan                          
00003855  atanl                         
00003b41  QMC5883L_init                 
00003b67  QMC5883L_reset                
00003b7b  QMC5883L_reconfig             
00003bab  QMC5883L_setOversampling      
00003beb  QMC5883L_setSamplingRate      
00003c29  QMC5883L_readHeading          
00003e29  fmod                          
00003e29  fmodl                         
0000405d  atan2                         
0000405d  atan2l                        
00004235  __aeabi_dsub                  
0000423f  __aeabi_dadd                  
000043ed  __kernel_sin                  
00004561  __kernel_cos                  
000046cd  reverse                       
0000471d  intToStr                      
00004787  ftoa                          
00004831  sqrt                          
00004831  sqrtl                         
00004989  __aeabi_ddiv                  
00004ac1  ldexp                         
00004ac1  ldexpl                        
00004ac1  scalbn                        
00004ac1  scalbnl                       
00004bd1  __aeabi_dmul                  
00004ccd  floor                         
00004ccd  floorl                        
00004dc5  __aeabi_memcpy                
00004dc5  __aeabi_memcpy4               
00004dc5  __aeabi_memcpy8               
00004dc5  memcpy                        
00004e61  __aeabi_cdcmpeq               
00004e61  __aeabi_cdcmple               
00004ee7  __aeabi_cdrcmple              
00004f6d  __aeabi_memclr                
00004f6d  __aeabi_memclr4               
00004f6d  __aeabi_memclr8               
00004f6f  __aeabi_memset                
00004f6f  __aeabi_memset4               
00004f6f  __aeabi_memset8               
00004f75  memset                        
00004fe7  __aeabi_d2f                   
00005055  __TI_decompress_lzss          
000050bd  atoi                          
00005109  __aeabi_d2iz                  
00005151  __TI_auto_init_nobinit_nopinit
00005195  __aeabi_d2uiz                 
000051d9  strtok                        
00005219  _c_int00_noargs               
00005251  __aeabi_f2d                   
00005289  __aeabi_i2d                   
000052b7  strncmp                       
000052e3  strspn                        
0000530d  strcspn                       
00005331  __aeabi_ui2d                  
00005351  copysign                      
00005351  copysignl                     
00005365  strlen                        
00005379  atof                          
0000538b  __TI_zero_init_nomemset       
0000539d  __TI_decompress_none          
000053ab  ResetISR                      
000053b9  __aeabi_errno_addr            
000053c1  _system_pre_init              
000053c5  C$$EXIT                       
000053c5  abort                         
00005520  _ctypes_                      
000057d8  __TI_Handler_Table_Base       
000057e4  __TI_Handler_Table_Limit      
000057f0  __TI_CINIT_Base               
00005800  __TI_CINIT_Limit              
20000000  __stack                       
20000200  __STACK_END                   
20000200  __STACK_TOP                   
20000200  buf1                          
20000278  Current_Latitude              
20000280  Current_Longitude             
20000288  timeDateReadBack              
20000290  flag                          
20000294  xhigh                         
20000296  xlow                          
20000298  yhigh                         
2000029a  ylow                          
2000029c  Sats_Num                      
2000029d  Validity                      
2000029e  addr                          
2000029f  mode                          
200002a0  oversampling                  
200002a1  range                         
200002a2  rate                          
200002a8  target_angle                  
200002b0  rotate                        
200002b8  heading                       
200002c0  difference                    
200002c8  m1                            
200002cc  m2                            
200002d4  errno                         
ffffffff  __TI_pprof_out_hndl           
ffffffff  __TI_prof_data_size           
ffffffff  __TI_prof_data_start          
ffffffff  __binit__                     
ffffffff  __c_args__                    
ffffffff  binit                         
UNDEFED   __mpu_init                    
UNDEFED   _system_post_cinit            

[146 symbols]
