<?xml version="1.0" encoding="ISO-8859-1" ?>
<link_info>
   <banner>TI ARM Linker PC v18.1.4.LTS</banner>
   <copyright>Copyright (c) 1996-2018 Texas Instruments Incorporated</copyright>
   <link_time>0x5d276890</link_time>
   <link_errors>0x0</link_errors>
   <output_file>autonomous_prototype_version_2.out</output_file>
   <entry_point>
      <name>_c_int00_noargs</name>
      <address>0x5219</address>
   </entry_point>
   <input_file_list>
      <input_file id="fl-2">
         <path>.\</path>
         <kind>object</kind>
         <file>Drivers.obj</file>
         <name>Drivers.obj</name>
      </input_file>
      <input_file id="fl-3">
         <path>.\</path>
         <kind>object</kind>
         <file>FloatToString.obj</file>
         <name>FloatToString.obj</name>
      </input_file>
      <input_file id="fl-4">
         <path>.\</path>
         <kind>object</kind>
         <file>Ublox.obj</file>
         <name>Ublox.obj</name>
      </input_file>
      <input_file id="fl-5">
         <path>.\</path>
         <kind>object</kind>
         <file>compass.obj</file>
         <name>compass.obj</name>
      </input_file>
      <input_file id="fl-6">
         <path>.\</path>
         <kind>object</kind>
         <file>main.obj</file>
         <name>main.obj</name>
      </input_file>
      <input_file id="fl-7">
         <path>.\</path>
         <kind>object</kind>
         <file>tm4c123gh6pm_startup_ccs.obj</file>
         <name>tm4c123gh6pm_startup_ccs.obj</name>
      </input_file>
      <input_file id="fl-b">
         <kind>object</kind>
         <file>&lt;internal&gt;</file>
         <name>&lt;internal&gt;</name>
      </input_file>
      <input_file id="fl-c1">
         <path>C:\ti\ccsv8\tools\compiler\ti-cgt-arm_18.1.4.LTS\lib\</path>
         <kind>archive</kind>
         <file>rtsv7M4_T_le_v4SPD16_eabi.lib</file>
         <name>e_atan2.c.obj</name>
      </input_file>
      <input_file id="fl-c2">
         <path>C:\ti\ccsv8\tools\compiler\ti-cgt-arm_18.1.4.LTS\lib\</path>
         <kind>archive</kind>
         <file>rtsv7M4_T_le_v4SPD16_eabi.lib</file>
         <name>e_fmod.c.obj</name>
      </input_file>
      <input_file id="fl-c3">
         <path>C:\ti\ccsv8\tools\compiler\ti-cgt-arm_18.1.4.LTS\lib\</path>
         <kind>archive</kind>
         <file>rtsv7M4_T_le_v4SPD16_eabi.lib</file>
         <name>e_pow.c.obj</name>
      </input_file>
      <input_file id="fl-c4">
         <path>C:\ti\ccsv8\tools\compiler\ti-cgt-arm_18.1.4.LTS\lib\</path>
         <kind>archive</kind>
         <file>rtsv7M4_T_le_v4SPD16_eabi.lib</file>
         <name>e_sqrt.c.obj</name>
      </input_file>
      <input_file id="fl-c5">
         <path>C:\ti\ccsv8\tools\compiler\ti-cgt-arm_18.1.4.LTS\lib\</path>
         <kind>archive</kind>
         <file>rtsv7M4_T_le_v4SPD16_eabi.lib</file>
         <name>s_atan.c.obj</name>
      </input_file>
      <input_file id="fl-c6">
         <path>C:\ti\ccsv8\tools\compiler\ti-cgt-arm_18.1.4.LTS\lib\</path>
         <kind>archive</kind>
         <file>rtsv7M4_T_le_v4SPD16_eabi.lib</file>
         <name>s_cos.c.obj</name>
      </input_file>
      <input_file id="fl-c7">
         <path>C:\ti\ccsv8\tools\compiler\ti-cgt-arm_18.1.4.LTS\lib\</path>
         <kind>archive</kind>
         <file>rtsv7M4_T_le_v4SPD16_eabi.lib</file>
         <name>s_scalbn.c.obj</name>
      </input_file>
      <input_file id="fl-c8">
         <path>C:\ti\ccsv8\tools\compiler\ti-cgt-arm_18.1.4.LTS\lib\</path>
         <kind>archive</kind>
         <file>rtsv7M4_T_le_v4SPD16_eabi.lib</file>
         <name>s_sin.c.obj</name>
      </input_file>
      <input_file id="fl-c9">
         <path>C:\ti\ccsv8\tools\compiler\ti-cgt-arm_18.1.4.LTS\lib\</path>
         <kind>archive</kind>
         <file>rtsv7M4_T_le_v4SPD16_eabi.lib</file>
         <name>fd_add_t2.asm.obj</name>
      </input_file>
      <input_file id="fl-ca">
         <path>C:\ti\ccsv8\tools\compiler\ti-cgt-arm_18.1.4.LTS\lib\</path>
         <kind>archive</kind>
         <file>rtsv7M4_T_le_v4SPD16_eabi.lib</file>
         <name>fd_cmp_t2.asm.obj</name>
      </input_file>
      <input_file id="fl-cb">
         <path>C:\ti\ccsv8\tools\compiler\ti-cgt-arm_18.1.4.LTS\lib\</path>
         <kind>archive</kind>
         <file>rtsv7M4_T_le_v4SPD16_eabi.lib</file>
         <name>fd_div_t2.asm.obj</name>
      </input_file>
      <input_file id="fl-cc">
         <path>C:\ti\ccsv8\tools\compiler\ti-cgt-arm_18.1.4.LTS\lib\</path>
         <kind>archive</kind>
         <file>rtsv7M4_T_le_v4SPD16_eabi.lib</file>
         <name>fd_mul_t2.asm.obj</name>
      </input_file>
      <input_file id="fl-cd">
         <path>C:\ti\ccsv8\tools\compiler\ti-cgt-arm_18.1.4.LTS\lib\</path>
         <kind>archive</kind>
         <file>rtsv7M4_T_le_v4SPD16_eabi.lib</file>
         <name>fd_toi_t2.asm.obj</name>
      </input_file>
      <input_file id="fl-ce">
         <path>C:\ti\ccsv8\tools\compiler\ti-cgt-arm_18.1.4.LTS\lib\</path>
         <kind>archive</kind>
         <file>rtsv7M4_T_le_v4SPD16_eabi.lib</file>
         <name>fd_tos_t2.asm.obj</name>
      </input_file>
      <input_file id="fl-cf">
         <path>C:\ti\ccsv8\tools\compiler\ti-cgt-arm_18.1.4.LTS\lib\</path>
         <kind>archive</kind>
         <file>rtsv7M4_T_le_v4SPD16_eabi.lib</file>
         <name>fd_tou_t2.asm.obj</name>
      </input_file>
      <input_file id="fl-d0">
         <path>C:\ti\ccsv8\tools\compiler\ti-cgt-arm_18.1.4.LTS\lib\</path>
         <kind>archive</kind>
         <file>rtsv7M4_T_le_v4SPD16_eabi.lib</file>
         <name>fs_tod_t2.asm.obj</name>
      </input_file>
      <input_file id="fl-d1">
         <path>C:\ti\ccsv8\tools\compiler\ti-cgt-arm_18.1.4.LTS\lib\</path>
         <kind>archive</kind>
         <file>rtsv7M4_T_le_v4SPD16_eabi.lib</file>
         <name>i_tofd_t2.asm.obj</name>
      </input_file>
      <input_file id="fl-d2">
         <path>C:\ti\ccsv8\tools\compiler\ti-cgt-arm_18.1.4.LTS\lib\</path>
         <kind>archive</kind>
         <file>rtsv7M4_T_le_v4SPD16_eabi.lib</file>
         <name>u_tofd_t2.asm.obj</name>
      </input_file>
      <input_file id="fl-d3">
         <path>C:\ti\ccsv8\tools\compiler\ti-cgt-arm_18.1.4.LTS\lib\</path>
         <kind>archive</kind>
         <file>rtsv7M4_T_le_v4SPD16_eabi.lib</file>
         <name>memset_t2.asm.obj</name>
      </input_file>
      <input_file id="fl-d4">
         <path>C:\ti\ccsv8\tools\compiler\ti-cgt-arm_18.1.4.LTS\lib\</path>
         <kind>archive</kind>
         <file>rtsv7M4_T_le_v4SPD16_eabi.lib</file>
         <name>copy_zero_init.c.obj</name>
      </input_file>
      <input_file id="fl-d5">
         <path>C:\ti\ccsv8\tools\compiler\ti-cgt-arm_18.1.4.LTS\lib\</path>
         <kind>archive</kind>
         <file>rtsv7M4_T_le_v4SPD16_eabi.lib</file>
         <name>copy_decompress_none.c.obj</name>
      </input_file>
      <input_file id="fl-d6">
         <path>C:\ti\ccsv8\tools\compiler\ti-cgt-arm_18.1.4.LTS\lib\</path>
         <kind>archive</kind>
         <file>rtsv7M4_T_le_v4SPD16_eabi.lib</file>
         <name>copy_decompress_lzss.c.obj</name>
      </input_file>
      <input_file id="fl-d7">
         <path>C:\ti\ccsv8\tools\compiler\ti-cgt-arm_18.1.4.LTS\lib\</path>
         <kind>archive</kind>
         <file>rtsv7M4_T_le_v4SPD16_eabi.lib</file>
         <name>errno.c.obj</name>
      </input_file>
      <input_file id="fl-d8">
         <path>C:\ti\ccsv8\tools\compiler\ti-cgt-arm_18.1.4.LTS\lib\</path>
         <kind>archive</kind>
         <file>rtsv7M4_T_le_v4SPD16_eabi.lib</file>
         <name>boot_cortex_m.c.obj</name>
      </input_file>
      <input_file id="fl-d9">
         <path>C:\ti\ccsv8\tools\compiler\ti-cgt-arm_18.1.4.LTS\lib\</path>
         <kind>archive</kind>
         <file>rtsv7M4_T_le_v4SPD16_eabi.lib</file>
         <name>exit.c.obj</name>
      </input_file>
      <input_file id="fl-da">
         <path>C:\ti\ccsv8\tools\compiler\ti-cgt-arm_18.1.4.LTS\lib\</path>
         <kind>archive</kind>
         <file>rtsv7M4_T_le_v4SPD16_eabi.lib</file>
         <name>_lock.c.obj</name>
      </input_file>
      <input_file id="fl-db">
         <path>C:\ti\ccsv8\tools\compiler\ti-cgt-arm_18.1.4.LTS\lib\</path>
         <kind>archive</kind>
         <file>rtsv7M4_T_le_v4SPD16_eabi.lib</file>
         <name>args_main.c.obj</name>
      </input_file>
      <input_file id="fl-dc">
         <path>C:\ti\ccsv8\tools\compiler\ti-cgt-arm_18.1.4.LTS\lib\</path>
         <kind>archive</kind>
         <file>rtsv7M4_T_le_v4SPD16_eabi.lib</file>
         <name>atof.c.obj</name>
      </input_file>
      <input_file id="fl-dd">
         <path>C:\ti\ccsv8\tools\compiler\ti-cgt-arm_18.1.4.LTS\lib\</path>
         <kind>archive</kind>
         <file>rtsv7M4_T_le_v4SPD16_eabi.lib</file>
         <name>atoi.c.obj</name>
      </input_file>
      <input_file id="fl-de">
         <path>C:\ti\ccsv8\tools\compiler\ti-cgt-arm_18.1.4.LTS\lib\</path>
         <kind>archive</kind>
         <file>rtsv7M4_T_le_v4SPD16_eabi.lib</file>
         <name>ctype.c.obj</name>
      </input_file>
      <input_file id="fl-df">
         <path>C:\ti\ccsv8\tools\compiler\ti-cgt-arm_18.1.4.LTS\lib\</path>
         <kind>archive</kind>
         <file>rtsv7M4_T_le_v4SPD16_eabi.lib</file>
         <name>strlen.c.obj</name>
      </input_file>
      <input_file id="fl-e0">
         <path>C:\ti\ccsv8\tools\compiler\ti-cgt-arm_18.1.4.LTS\lib\</path>
         <kind>archive</kind>
         <file>rtsv7M4_T_le_v4SPD16_eabi.lib</file>
         <name>strncmp.c.obj</name>
      </input_file>
      <input_file id="fl-e1">
         <path>C:\ti\ccsv8\tools\compiler\ti-cgt-arm_18.1.4.LTS\lib\</path>
         <kind>archive</kind>
         <file>rtsv7M4_T_le_v4SPD16_eabi.lib</file>
         <name>strtod.c.obj</name>
      </input_file>
      <input_file id="fl-e2">
         <path>C:\ti\ccsv8\tools\compiler\ti-cgt-arm_18.1.4.LTS\lib\</path>
         <kind>archive</kind>
         <file>rtsv7M4_T_le_v4SPD16_eabi.lib</file>
         <name>strtok.c.obj</name>
      </input_file>
      <input_file id="fl-e3">
         <path>C:\ti\ccsv8\tools\compiler\ti-cgt-arm_18.1.4.LTS\lib\</path>
         <kind>archive</kind>
         <file>rtsv7M4_T_le_v4SPD16_eabi.lib</file>
         <name>s_copysign.c.obj</name>
      </input_file>
      <input_file id="fl-e4">
         <path>C:\ti\ccsv8\tools\compiler\ti-cgt-arm_18.1.4.LTS\lib\</path>
         <kind>archive</kind>
         <file>rtsv7M4_T_le_v4SPD16_eabi.lib</file>
         <name>k_rem_pio2.c.obj</name>
      </input_file>
      <input_file id="fl-e5">
         <path>C:\ti\ccsv8\tools\compiler\ti-cgt-arm_18.1.4.LTS\lib\</path>
         <kind>archive</kind>
         <file>rtsv7M4_T_le_v4SPD16_eabi.lib</file>
         <name>k_cos.c.obj</name>
      </input_file>
      <input_file id="fl-e6">
         <path>C:\ti\ccsv8\tools\compiler\ti-cgt-arm_18.1.4.LTS\lib\</path>
         <kind>archive</kind>
         <file>rtsv7M4_T_le_v4SPD16_eabi.lib</file>
         <name>k_sin.c.obj</name>
      </input_file>
      <input_file id="fl-e7">
         <path>C:\ti\ccsv8\tools\compiler\ti-cgt-arm_18.1.4.LTS\lib\</path>
         <kind>archive</kind>
         <file>rtsv7M4_T_le_v4SPD16_eabi.lib</file>
         <name>s_floor.c.obj</name>
      </input_file>
      <input_file id="fl-e8">
         <path>C:\ti\ccsv8\tools\compiler\ti-cgt-arm_18.1.4.LTS\lib\</path>
         <kind>archive</kind>
         <file>rtsv7M4_T_le_v4SPD16_eabi.lib</file>
         <name>memcpy_t2.asm.obj</name>
      </input_file>
      <input_file id="fl-e9">
         <path>C:\ti\ccsv8\tools\compiler\ti-cgt-arm_18.1.4.LTS\lib\</path>
         <kind>archive</kind>
         <file>rtsv7M4_T_le_v4SPD16_eabi.lib</file>
         <name>autoinit.c.obj</name>
      </input_file>
      <input_file id="fl-ea">
         <path>C:\ti\ccsv8\tools\compiler\ti-cgt-arm_18.1.4.LTS\lib\</path>
         <kind>archive</kind>
         <file>rtsv7M4_T_le_v4SPD16_eabi.lib</file>
         <name>pre_init.c.obj</name>
      </input_file>
      <input_file id="fl-eb">
         <path>C:\ti\ccsv8\tools\compiler\ti-cgt-arm_18.1.4.LTS\lib\</path>
         <kind>archive</kind>
         <file>rtsv7M4_T_le_v4SPD16_eabi.lib</file>
         <name>cpy_tbl.c.obj</name>
      </input_file>
      <input_file id="fl-ec">
         <path>C:\ti\ccsv8\tools\compiler\ti-cgt-arm_18.1.4.LTS\lib\</path>
         <kind>archive</kind>
         <file>rtsv7M4_T_le_v4SPD16_eabi.lib</file>
         <name>strcspn.c.obj</name>
      </input_file>
      <input_file id="fl-ed">
         <path>C:\ti\ccsv8\tools\compiler\ti-cgt-arm_18.1.4.LTS\lib\</path>
         <kind>archive</kind>
         <file>rtsv7M4_T_le_v4SPD16_eabi.lib</file>
         <name>strspn.c.obj</name>
      </input_file>
   </input_file_list>
   <object_component_list>
      <object_component id="oc-f">
         <name>.intvecs</name>
         <load_address>0x0</load_address>
         <run_address>0x0</run_address>
         <size>0x26c</size>
         <input_file_ref idref="fl-7"/>
      </object_component>
      <object_component id="oc-98">
         <name>.text</name>
         <load_address>0x26c</load_address>
         <run_address>0x26c</run_address>
         <size>0xbb8</size>
         <input_file_ref idref="fl-6"/>
      </object_component>
      <object_component id="oc-1b0">
         <name>.text:pow</name>
         <load_address>0xe24</load_address>
         <run_address>0xe24</run_address>
         <size>0x9c0</size>
         <input_file_ref idref="fl-c3"/>
      </object_component>
      <object_component id="oc-1d2">
         <name>.text:__kernel_rem_pio2</name>
         <load_address>0x17e4</load_address>
         <run_address>0x17e4</run_address>
         <size>0x738</size>
         <input_file_ref idref="fl-e4"/>
      </object_component>
      <object_component id="oc-c0">
         <name>.text</name>
         <load_address>0x1f1c</load_address>
         <run_address>0x1f1c</run_address>
         <size>0x5f0</size>
         <input_file_ref idref="fl-2"/>
      </object_component>
      <object_component id="oc-116">
         <name>.text:cos</name>
         <load_address>0x250c</load_address>
         <run_address>0x250c</run_address>
         <size>0x5dc</size>
         <input_file_ref idref="fl-c6"/>
      </object_component>
      <object_component id="oc-110">
         <name>.text:sin</name>
         <load_address>0x2ae8</load_address>
         <run_address>0x2ae8</run_address>
         <size>0x5c4</size>
         <input_file_ref idref="fl-c8"/>
      </object_component>
      <object_component id="oc-232">
         <name>.text:strtod</name>
         <load_address>0x30ac</load_address>
         <run_address>0x30ac</run_address>
         <size>0x460</size>
         <input_file_ref idref="fl-e1"/>
      </object_component>
      <object_component id="oc-cc">
         <name>.text</name>
         <load_address>0x350c</load_address>
         <run_address>0x350c</run_address>
         <size>0x348</size>
         <input_file_ref idref="fl-4"/>
      </object_component>
      <object_component id="oc-1ef">
         <name>.text:atan</name>
         <load_address>0x3854</load_address>
         <run_address>0x3854</run_address>
         <size>0x2ec</size>
         <input_file_ref idref="fl-c5"/>
      </object_component>
      <object_component id="oc-c6">
         <name>.text</name>
         <load_address>0x3b40</load_address>
         <run_address>0x3b40</run_address>
         <size>0x2e8</size>
         <input_file_ref idref="fl-5"/>
      </object_component>
      <object_component id="oc-128">
         <name>.text:fmod</name>
         <load_address>0x3e28</load_address>
         <run_address>0x3e28</run_address>
         <size>0x234</size>
         <input_file_ref idref="fl-c2"/>
      </object_component>
      <object_component id="oc-122">
         <name>.text:atan2</name>
         <load_address>0x405c</load_address>
         <run_address>0x405c</run_address>
         <size>0x1d8</size>
         <input_file_ref idref="fl-c1"/>
      </object_component>
      <object_component id="oc-f6">
         <name>.text</name>
         <load_address>0x4234</load_address>
         <run_address>0x4234</run_address>
         <size>0x1b6</size>
         <input_file_ref idref="fl-c9"/>
      </object_component>
      <object_component id="oc-1cc">
         <name>.text:__kernel_sin</name>
         <load_address>0x43ec</load_address>
         <run_address>0x43ec</run_address>
         <size>0x174</size>
         <input_file_ref idref="fl-e6"/>
      </object_component>
      <object_component id="oc-1d8">
         <name>.text:__kernel_cos</name>
         <load_address>0x4560</load_address>
         <run_address>0x4560</run_address>
         <size>0x16c</size>
         <input_file_ref idref="fl-e5"/>
      </object_component>
      <object_component id="oc-dc">
         <name>.text</name>
         <load_address>0x46cc</load_address>
         <run_address>0x46cc</run_address>
         <size>0x164</size>
         <input_file_ref idref="fl-3"/>
      </object_component>
      <object_component id="oc-11c">
         <name>.text:sqrt</name>
         <load_address>0x4830</load_address>
         <run_address>0x4830</run_address>
         <size>0x158</size>
         <input_file_ref idref="fl-c4"/>
      </object_component>
      <object_component id="oc-17a">
         <name>.text</name>
         <load_address>0x4988</load_address>
         <run_address>0x4988</run_address>
         <size>0x136</size>
         <input_file_ref idref="fl-cb"/>
      </object_component>
      <object_component id="oc-243">
         <name>.text:scalbn</name>
         <load_address>0x4ac0</load_address>
         <run_address>0x4ac0</run_address>
         <size>0x110</size>
         <input_file_ref idref="fl-c7"/>
      </object_component>
      <object_component id="oc-106">
         <name>.text</name>
         <load_address>0x4bd0</load_address>
         <run_address>0x4bd0</run_address>
         <size>0xfc</size>
         <input_file_ref idref="fl-cc"/>
      </object_component>
      <object_component id="oc-252">
         <name>.text:floor</name>
         <load_address>0x4ccc</load_address>
         <run_address>0x4ccc</run_address>
         <size>0xf8</size>
         <input_file_ref idref="fl-e7"/>
      </object_component>
      <object_component id="oc-38">
         <name>.text</name>
         <load_address>0x4dc4</load_address>
         <run_address>0x4dc4</run_address>
         <size>0x9c</size>
         <input_file_ref idref="fl-e8"/>
      </object_component>
      <object_component id="oc-fb">
         <name>.text:__aeabi_cdcmple</name>
         <load_address>0x4e60</load_address>
         <run_address>0x4e60</run_address>
         <size>0x86</size>
         <input_file_ref idref="fl-ca"/>
      </object_component>
      <object_component id="oc-101">
         <name>.text:__aeabi_cdrcmple</name>
         <load_address>0x4ee6</load_address>
         <run_address>0x4ee6</run_address>
         <size>0x86</size>
         <input_file_ref idref="fl-ca"/>
      </object_component>
      <object_component id="oc-8c">
         <name>.text</name>
         <load_address>0x4f6c</load_address>
         <run_address>0x4f6c</run_address>
         <size>0x7a</size>
         <input_file_ref idref="fl-d3"/>
      </object_component>
      <object_component id="oc-d7">
         <name>.text</name>
         <load_address>0x4fe6</load_address>
         <run_address>0x4fe6</run_address>
         <size>0x6e</size>
         <input_file_ref idref="fl-ce"/>
      </object_component>
      <object_component id="oc-12">
         <name>.text:decompress:lzss:__TI_decompress_lzss</name>
         <load_address>0x5054</load_address>
         <run_address>0x5054</run_address>
         <size>0x68</size>
         <input_file_ref idref="fl-d6"/>
      </object_component>
      <object_component id="oc-1a1">
         <name>.text:atoi</name>
         <load_address>0x50bc</load_address>
         <run_address>0x50bc</run_address>
         <size>0x4c</size>
         <input_file_ref idref="fl-dd"/>
      </object_component>
      <object_component id="oc-17f">
         <name>.text</name>
         <load_address>0x5108</load_address>
         <run_address>0x5108</run_address>
         <size>0x48</size>
         <input_file_ref idref="fl-cd"/>
      </object_component>
      <object_component id="oc-140">
         <name>.text:__TI_auto_init_nobinit_nopinit:__TI_auto_init_nobinit_nopinit</name>
         <load_address>0x5150</load_address>
         <run_address>0x5150</run_address>
         <size>0x44</size>
         <input_file_ref idref="fl-e9"/>
      </object_component>
      <object_component id="oc-174">
         <name>.text</name>
         <load_address>0x5194</load_address>
         <run_address>0x5194</run_address>
         <size>0x44</size>
         <input_file_ref idref="fl-cf"/>
      </object_component>
      <object_component id="oc-195">
         <name>.text:strtok</name>
         <load_address>0x51d8</load_address>
         <run_address>0x51d8</run_address>
         <size>0x40</size>
         <input_file_ref idref="fl-e2"/>
      </object_component>
      <object_component id="oc-56">
         <name>.text:_c_int00_noargs:_c_int00_noargs</name>
         <load_address>0x5218</load_address>
         <run_address>0x5218</run_address>
         <size>0x38</size>
         <input_file_ref idref="fl-d8"/>
      </object_component>
      <object_component id="oc-10b">
         <name>.text</name>
         <load_address>0x5250</load_address>
         <run_address>0x5250</run_address>
         <size>0x38</size>
         <input_file_ref idref="fl-d0"/>
      </object_component>
      <object_component id="oc-d2">
         <name>.text</name>
         <load_address>0x5288</load_address>
         <run_address>0x5288</run_address>
         <size>0x2e</size>
         <input_file_ref idref="fl-d1"/>
      </object_component>
      <object_component id="oc-18f">
         <name>.text:strncmp</name>
         <load_address>0x52b6</load_address>
         <run_address>0x52b6</run_address>
         <size>0x2c</size>
         <input_file_ref idref="fl-e0"/>
      </object_component>
      <object_component id="oc-221">
         <name>.text:strspn</name>
         <load_address>0x52e2</load_address>
         <run_address>0x52e2</run_address>
         <size>0x2a</size>
         <input_file_ref idref="fl-ed"/>
      </object_component>
      <object_component id="oc-227">
         <name>.text:strcspn</name>
         <load_address>0x530c</load_address>
         <run_address>0x530c</run_address>
         <size>0x24</size>
         <input_file_ref idref="fl-ec"/>
      </object_component>
      <object_component id="oc-1a7">
         <name>.text</name>
         <load_address>0x5330</load_address>
         <run_address>0x5330</run_address>
         <size>0x20</size>
         <input_file_ref idref="fl-d2"/>
      </object_component>
      <object_component id="oc-2b9">
         <name>.text:copysign</name>
         <load_address>0x5350</load_address>
         <run_address>0x5350</run_address>
         <size>0x14</size>
         <input_file_ref idref="fl-e3"/>
      </object_component>
      <object_component id="oc-e2">
         <name>.text:strlen</name>
         <load_address>0x5364</load_address>
         <run_address>0x5364</run_address>
         <size>0x14</size>
         <input_file_ref idref="fl-df"/>
      </object_component>
      <object_component id="oc-19b">
         <name>.text:atof</name>
         <load_address>0x5378</load_address>
         <run_address>0x5378</run_address>
         <size>0x12</size>
         <input_file_ref idref="fl-dc"/>
      </object_component>
      <object_component id="oc-44">
         <name>.text:decompress:ZI:__TI_zero_init_nomemset:__TI_zero_init_nomemset</name>
         <load_address>0x538a</load_address>
         <run_address>0x538a</run_address>
         <size>0x12</size>
         <input_file_ref idref="fl-d4"/>
      </object_component>
      <object_component id="oc-18">
         <name>.text:decompress:none:__TI_decompress_none</name>
         <load_address>0x539c</load_address>
         <run_address>0x539c</run_address>
         <size>0xe</size>
         <input_file_ref idref="fl-d5"/>
      </object_component>
      <object_component id="oc-24">
         <name>.text</name>
         <load_address>0x53aa</load_address>
         <run_address>0x53aa</run_address>
         <size>0xc</size>
         <input_file_ref idref="fl-7"/>
      </object_component>
      <object_component id="oc-1e7">
         <name>.text:__aeabi_errno_addr</name>
         <load_address>0x53b8</load_address>
         <run_address>0x53b8</run_address>
         <size>0x8</size>
         <input_file_ref idref="fl-d7"/>
      </object_component>
      <object_component id="oc-92">
         <name>.text:_system_pre_init</name>
         <load_address>0x53c0</load_address>
         <run_address>0x53c0</run_address>
         <size>0x4</size>
         <input_file_ref idref="fl-ea"/>
      </object_component>
      <object_component id="oc-134">
         <name>.text:abort:abort</name>
         <load_address>0x53c4</load_address>
         <run_address>0x53c4</run_address>
         <size>0x4</size>
         <input_file_ref idref="fl-d9"/>
      </object_component>
      <object_component id="oc-258">
         <name>.const:$O1$$</name>
         <load_address>0x53c8</load_address>
         <run_address>0x53c8</run_address>
         <size>0x158</size>
         <input_file_ref idref="fl-e4"/>
      </object_component>
      <object_component id="oc-23a">
         <name>.const:.string:_ctypes_</name>
         <load_address>0x5520</load_address>
         <run_address>0x5520</run_address>
         <size>0x101</size>
         <input_file_ref idref="fl-de"/>
      </object_component>
      <object_component id="oc-2aa">
         <name>.const:$O1$$</name>
         <load_address>0x5628</load_address>
         <run_address>0x5628</run_address>
         <size>0xc8</size>
         <input_file_ref idref="fl-e1"/>
      </object_component>
      <object_component id="oc-275">
         <name>.const:$O1$$</name>
         <load_address>0x56f0</load_address>
         <run_address>0x56f0</run_address>
         <size>0x98</size>
         <input_file_ref idref="fl-c5"/>
      </object_component>
      <object_component id="oc-240">
         <name>.const:$O1$$</name>
         <load_address>0x5788</load_address>
         <run_address>0x5788</run_address>
         <size>0x30</size>
         <input_file_ref idref="fl-c3"/>
      </object_component>
      <object_component id="oc-1f7">
         <name>.const:Zero</name>
         <load_address>0x57b8</load_address>
         <run_address>0x57b8</run_address>
         <size>0x10</size>
         <input_file_ref idref="fl-c2"/>
      </object_component>
      <object_component id="oc-323">
         <name>.cinit..data.load</name>
         <load_address>0x57c8</load_address>
         <run_address>0x57c8</run_address>
         <size>0xe</size>
      </object_component>
      <object_component id="oc-321">
         <name>__TI_handler_table</name>
         <load_address>0x57d8</load_address>
         <run_address>0x57d8</run_address>
         <size>0xc</size>
      </object_component>
      <object_component id="oc-324">
         <name>.cinit..bss.load</name>
         <load_address>0x57e8</load_address>
         <run_address>0x57e8</run_address>
         <size>0x8</size>
      </object_component>
      <object_component id="oc-322">
         <name>__TI_cinit_table</name>
         <load_address>0x57f0</load_address>
         <run_address>0x57f0</run_address>
         <size>0x10</size>
      </object_component>
      <object_component id="oc-18d">
         <name>.data</name>
         <load_address>0x200002d0</load_address>
         <run_address>0x200002d0</run_address>
         <size>0x4</size>
         <input_file_ref idref="fl-5"/>
      </object_component>
      <object_component id="oc-f2">
         <name>.data</name>
         <load_address>0x200002a8</load_address>
         <run_address>0x200002a8</run_address>
         <size>0x28</size>
         <input_file_ref idref="fl-6"/>
      </object_component>
      <object_component id="oc-26e">
         <name>.data</name>
         <load_address>0x200002d4</load_address>
         <run_address>0x200002d4</run_address>
         <size>0x4</size>
         <input_file_ref idref="fl-d7"/>
      </object_component>
      <object_component id="oc-22d">
         <name>.data</name>
         <load_address>0x200002d8</load_address>
         <run_address>0x200002d8</run_address>
         <size>0x4</size>
         <input_file_ref idref="fl-e2"/>
      </object_component>
      <object_component id="oc-e8">
         <name>.common:buf1</name>
         <uninitialized>true</uninitialized>
         <run_address>0x20000200</run_address>
         <size>0x78</size>
      </object_component>
      <object_component id="oc-100">
         <name>.common:Current_Longitude</name>
         <uninitialized>true</uninitialized>
         <run_address>0x20000280</run_address>
         <size>0x8</size>
      </object_component>
      <object_component id="oc-f5">
         <name>.common:Current_Latitude</name>
         <uninitialized>true</uninitialized>
         <run_address>0x20000278</run_address>
         <size>0x8</size>
      </object_component>
      <object_component id="oc-ed">
         <name>.common:Sats_Num</name>
         <uninitialized>true</uninitialized>
         <run_address>0x2000029c</run_address>
         <size>0x1</size>
      </object_component>
      <object_component id="oc-1ac">
         <name>.common:Validity</name>
         <uninitialized>true</uninitialized>
         <run_address>0x2000029d</run_address>
         <size>0x1</size>
      </object_component>
      <object_component id="oc-18a">
         <name>.common:xhigh</name>
         <uninitialized>true</uninitialized>
         <run_address>0x20000294</run_address>
         <size>0x2</size>
      </object_component>
      <object_component id="oc-189">
         <name>.common:xlow</name>
         <uninitialized>true</uninitialized>
         <run_address>0x20000296</run_address>
         <size>0x2</size>
      </object_component>
      <object_component id="oc-18c">
         <name>.common:yhigh</name>
         <uninitialized>true</uninitialized>
         <run_address>0x20000298</run_address>
         <size>0x2</size>
      </object_component>
      <object_component id="oc-18b">
         <name>.common:ylow</name>
         <uninitialized>true</uninitialized>
         <run_address>0x2000029a</run_address>
         <size>0x2</size>
      </object_component>
      <object_component id="oc-ee">
         <name>.common:addr</name>
         <uninitialized>true</uninitialized>
         <run_address>0x2000029e</run_address>
         <size>0x1</size>
      </object_component>
      <object_component id="oc-187">
         <name>.common:mode</name>
         <uninitialized>true</uninitialized>
         <run_address>0x2000029f</run_address>
         <size>0x1</size>
      </object_component>
      <object_component id="oc-186">
         <name>.common:rate</name>
         <uninitialized>true</uninitialized>
         <run_address>0x200002a2</run_address>
         <size>0x1</size>
      </object_component>
      <object_component id="oc-185">
         <name>.common:range</name>
         <uninitialized>true</uninitialized>
         <run_address>0x200002a1</run_address>
         <size>0x1</size>
      </object_component>
      <object_component id="oc-184">
         <name>.common:oversampling</name>
         <uninitialized>true</uninitialized>
         <run_address>0x200002a0</run_address>
         <size>0x1</size>
      </object_component>
      <object_component id="oc-188">
         <name>.common:timeDateReadBack</name>
         <uninitialized>true</uninitialized>
         <run_address>0x20000288</run_address>
         <size>0x8</size>
      </object_component>
      <object_component id="oc-f1">
         <name>.common:flag</name>
         <uninitialized>true</uninitialized>
         <run_address>0x20000290</run_address>
         <size>0x4</size>
      </object_component>
      <object_component id="oc-21">
         <name>.stack</name>
         <uninitialized>true</uninitialized>
         <run_address>0x20000000</run_address>
         <size>0x4</size>
         <input_file_ref idref="fl-d8"/>
      </object_component>
      <object_component id="oc-325">
         <name>.stack</name>
         <uninitialized>true</uninitialized>
         <run_address>0x20000000</run_address>
         <size>0x0</size>
      </object_component>
      <object_component id="oc-af">
         <name>.debug_info</name>
         <load_address>0x0</load_address>
         <run_address>0x0</run_address>
         <size>0x2ef</size>
         <input_file_ref idref="fl-2"/>
      </object_component>
      <object_component id="oc-c1">
         <name>.debug_info</name>
         <load_address>0x2ef</load_address>
         <run_address>0x2ef</run_address>
         <size>0xa1c</size>
         <input_file_ref idref="fl-2"/>
      </object_component>
      <object_component id="oc-6d">
         <name>.debug_info</name>
         <load_address>0xd0b</load_address>
         <run_address>0xd0b</run_address>
         <size>0x26b</size>
         <input_file_ref idref="fl-2"/>
      </object_component>
      <object_component id="oc-33">
         <name>.debug_info</name>
         <load_address>0xf76</load_address>
         <run_address>0xf76</run_address>
         <size>0x84</size>
         <input_file_ref idref="fl-2"/>
      </object_component>
      <object_component id="oc-aa">
         <name>.debug_info</name>
         <load_address>0xffa</load_address>
         <run_address>0xffa</run_address>
         <size>0x297</size>
         <input_file_ref idref="fl-2"/>
      </object_component>
      <object_component id="oc-1b7">
         <name>.debug_info</name>
         <load_address>0x1291</load_address>
         <run_address>0x1291</run_address>
         <size>0x28e</size>
         <input_file_ref idref="fl-3"/>
      </object_component>
      <object_component id="oc-dd">
         <name>.debug_info</name>
         <load_address>0x151f</load_address>
         <run_address>0x151f</run_address>
         <size>0x3a1</size>
         <input_file_ref idref="fl-3"/>
      </object_component>
      <object_component id="oc-e9">
         <name>.debug_info</name>
         <load_address>0x18c0</load_address>
         <run_address>0x18c0</run_address>
         <size>0x4a2</size>
         <input_file_ref idref="fl-4"/>
      </object_component>
      <object_component id="oc-cd">
         <name>.debug_info</name>
         <load_address>0x1d62</load_address>
         <run_address>0x1d62</run_address>
         <size>0x5fb</size>
         <input_file_ref idref="fl-4"/>
      </object_component>
      <object_component id="oc-12f">
         <name>.debug_info</name>
         <load_address>0x235d</load_address>
         <run_address>0x235d</run_address>
         <size>0x8b</size>
         <input_file_ref idref="fl-4"/>
      </object_component>
      <object_component id="oc-72">
         <name>.debug_info</name>
         <load_address>0x23e8</load_address>
         <run_address>0x23e8</run_address>
         <size>0xbb</size>
         <input_file_ref idref="fl-4"/>
      </object_component>
      <object_component id="oc-b7">
         <name>.debug_info</name>
         <load_address>0x24a3</load_address>
         <run_address>0x24a3</run_address>
         <size>0x2c</size>
         <input_file_ref idref="fl-4"/>
      </object_component>
      <object_component id="oc-ef">
         <name>.debug_info</name>
         <load_address>0x24cf</load_address>
         <run_address>0x24cf</run_address>
         <size>0x429</size>
         <input_file_ref idref="fl-5"/>
      </object_component>
      <object_component id="oc-c8">
         <name>.debug_info</name>
         <load_address>0x28f8</load_address>
         <run_address>0x28f8</run_address>
         <size>0x4b6</size>
         <input_file_ref idref="fl-5"/>
      </object_component>
      <object_component id="oc-eb">
         <name>.debug_info</name>
         <load_address>0x2dae</load_address>
         <run_address>0x2dae</run_address>
         <size>0x69f</size>
         <input_file_ref idref="fl-6"/>
      </object_component>
      <object_component id="oc-f3">
         <name>.debug_info</name>
         <load_address>0x344d</load_address>
         <run_address>0x344d</run_address>
         <size>0x165</size>
         <input_file_ref idref="fl-6"/>
      </object_component>
      <object_component id="oc-9a">
         <name>.debug_info</name>
         <load_address>0x35b2</load_address>
         <run_address>0x35b2</run_address>
         <size>0x1108</size>
         <input_file_ref idref="fl-6"/>
      </object_component>
      <object_component id="oc-1be">
         <name>.debug_info</name>
         <load_address>0x46ba</load_address>
         <run_address>0x46ba</run_address>
         <size>0x110</size>
         <input_file_ref idref="fl-6"/>
      </object_component>
      <object_component id="oc-2c">
         <name>.debug_info</name>
         <load_address>0x47ca</load_address>
         <run_address>0x47ca</run_address>
         <size>0x2af</size>
         <input_file_ref idref="fl-7"/>
      </object_component>
      <object_component id="oc-10">
         <name>.debug_info</name>
         <load_address>0x4a79</load_address>
         <run_address>0x4a79</run_address>
         <size>0xee</size>
         <input_file_ref idref="fl-7"/>
      </object_component>
      <object_component id="oc-25">
         <name>.debug_info</name>
         <load_address>0x4b67</load_address>
         <run_address>0x4b67</run_address>
         <size>0x26a</size>
         <input_file_ref idref="fl-7"/>
      </object_component>
      <object_component id="oc-1f6">
         <name>.debug_info</name>
         <load_address>0x4dd1</load_address>
         <run_address>0x4dd1</run_address>
         <size>0x2ae</size>
         <input_file_ref idref="fl-c1"/>
      </object_component>
      <object_component id="oc-123">
         <name>.debug_info</name>
         <load_address>0x507f</load_address>
         <run_address>0x507f</run_address>
         <size>0x247</size>
         <input_file_ref idref="fl-c1"/>
      </object_component>
      <object_component id="oc-267">
         <name>.debug_info</name>
         <load_address>0x52c6</load_address>
         <run_address>0x52c6</run_address>
         <size>0x46</size>
         <input_file_ref idref="fl-c1"/>
      </object_component>
      <object_component id="oc-1e0">
         <name>.debug_info</name>
         <load_address>0x530c</load_address>
         <run_address>0x530c</run_address>
         <size>0x39</size>
         <input_file_ref idref="fl-c1"/>
      </object_component>
      <object_component id="oc-1fb">
         <name>.debug_info</name>
         <load_address>0x5345</load_address>
         <run_address>0x5345</run_address>
         <size>0x29c</size>
         <input_file_ref idref="fl-c2"/>
      </object_component>
      <object_component id="oc-1f8">
         <name>.debug_info</name>
         <load_address>0x55e1</load_address>
         <run_address>0x55e1</run_address>
         <size>0xfd</size>
         <input_file_ref idref="fl-c2"/>
      </object_component>
      <object_component id="oc-12a">
         <name>.debug_info</name>
         <load_address>0x56de</load_address>
         <run_address>0x56de</run_address>
         <size>0x288</size>
         <input_file_ref idref="fl-c2"/>
      </object_component>
      <object_component id="oc-24a">
         <name>.debug_info</name>
         <load_address>0x5966</load_address>
         <run_address>0x5966</run_address>
         <size>0x363</size>
         <input_file_ref idref="fl-c3"/>
      </object_component>
      <object_component id="oc-241">
         <name>.debug_info</name>
         <load_address>0x5cc9</load_address>
         <run_address>0x5cc9</run_address>
         <size>0x128</size>
         <input_file_ref idref="fl-c3"/>
      </object_component>
      <object_component id="oc-1b4">
         <name>.debug_info</name>
         <load_address>0x5df1</load_address>
         <run_address>0x5df1</run_address>
         <size>0xbdf</size>
         <input_file_ref idref="fl-c3"/>
      </object_component>
      <object_component id="oc-1ee">
         <name>.debug_info</name>
         <load_address>0x69d0</load_address>
         <run_address>0x69d0</run_address>
         <size>0x2ca</size>
         <input_file_ref idref="fl-c4"/>
      </object_component>
      <object_component id="oc-120">
         <name>.debug_info</name>
         <load_address>0x6c9a</load_address>
         <run_address>0x6c9a</run_address>
         <size>0x24d</size>
         <input_file_ref idref="fl-c4"/>
      </object_component>
      <object_component id="oc-2d8">
         <name>.debug_info</name>
         <load_address>0x6ee7</load_address>
         <run_address>0x6ee7</run_address>
         <size>0x2f7</size>
         <input_file_ref idref="fl-c5"/>
      </object_component>
      <object_component id="oc-276">
         <name>.debug_info</name>
         <load_address>0x71de</load_address>
         <run_address>0x71de</run_address>
         <size>0x131</size>
         <input_file_ref idref="fl-c5"/>
      </object_component>
      <object_component id="oc-1f0">
         <name>.debug_info</name>
         <load_address>0x730f</load_address>
         <run_address>0x730f</run_address>
         <size>0x4ac</size>
         <input_file_ref idref="fl-c5"/>
      </object_component>
      <object_component id="oc-1e6">
         <name>.debug_info</name>
         <load_address>0x77bb</load_address>
         <run_address>0x77bb</run_address>
         <size>0x39b</size>
         <input_file_ref idref="fl-c6"/>
      </object_component>
      <object_component id="oc-119">
         <name>.debug_info</name>
         <load_address>0x7b56</load_address>
         <run_address>0x7b56</run_address>
         <size>0x79b</size>
         <input_file_ref idref="fl-c6"/>
      </object_component>
      <object_component id="oc-2c0">
         <name>.debug_info</name>
         <load_address>0x82f1</load_address>
         <run_address>0x82f1</run_address>
         <size>0x2fd</size>
         <input_file_ref idref="fl-c7"/>
      </object_component>
      <object_component id="oc-245">
         <name>.debug_info</name>
         <load_address>0x85ee</load_address>
         <run_address>0x85ee</run_address>
         <size>0x225</size>
         <input_file_ref idref="fl-c7"/>
      </object_component>
      <object_component id="oc-2cb">
         <name>.debug_info</name>
         <load_address>0x8813</load_address>
         <run_address>0x8813</run_address>
         <size>0x39</size>
         <input_file_ref idref="fl-c7"/>
      </object_component>
      <object_component id="oc-25e">
         <name>.debug_info</name>
         <load_address>0x884c</load_address>
         <run_address>0x884c</run_address>
         <size>0x2c</size>
         <input_file_ref idref="fl-c7"/>
      </object_component>
      <object_component id="oc-1df">
         <name>.debug_info</name>
         <load_address>0x8878</load_address>
         <run_address>0x8878</run_address>
         <size>0x39b</size>
         <input_file_ref idref="fl-c8"/>
      </object_component>
      <object_component id="oc-112">
         <name>.debug_info</name>
         <load_address>0x8c13</load_address>
         <run_address>0x8c13</run_address>
         <size>0x796</size>
         <input_file_ref idref="fl-c8"/>
      </object_component>
      <object_component id="oc-f7">
         <name>.debug_info</name>
         <load_address>0x93a9</load_address>
         <run_address>0x93a9</run_address>
         <size>0x14f</size>
         <input_file_ref idref="fl-c9"/>
      </object_component>
      <object_component id="oc-fc">
         <name>.debug_info</name>
         <load_address>0x94f8</load_address>
         <run_address>0x94f8</run_address>
         <size>0x12b</size>
         <input_file_ref idref="fl-ca"/>
      </object_component>
      <object_component id="oc-102">
         <name>.debug_info</name>
         <load_address>0x9623</load_address>
         <run_address>0x9623</run_address>
         <size>0x12d</size>
         <input_file_ref idref="fl-ca"/>
      </object_component>
      <object_component id="oc-17c">
         <name>.debug_info</name>
         <load_address>0x9750</load_address>
         <run_address>0x9750</run_address>
         <size>0x13d</size>
         <input_file_ref idref="fl-cb"/>
      </object_component>
      <object_component id="oc-108">
         <name>.debug_info</name>
         <load_address>0x988d</load_address>
         <run_address>0x988d</run_address>
         <size>0x13d</size>
         <input_file_ref idref="fl-cc"/>
      </object_component>
      <object_component id="oc-182">
         <name>.debug_info</name>
         <load_address>0x99ca</load_address>
         <run_address>0x99ca</run_address>
         <size>0x131</size>
         <input_file_ref idref="fl-cd"/>
      </object_component>
      <object_component id="oc-d9">
         <name>.debug_info</name>
         <load_address>0x9afb</load_address>
         <run_address>0x9afb</run_address>
         <size>0x141</size>
         <input_file_ref idref="fl-ce"/>
      </object_component>
      <object_component id="oc-175">
         <name>.debug_info</name>
         <load_address>0x9c3c</load_address>
         <run_address>0x9c3c</run_address>
         <size>0x13c</size>
         <input_file_ref idref="fl-cf"/>
      </object_component>
      <object_component id="oc-10c">
         <name>.debug_info</name>
         <load_address>0x9d78</load_address>
         <run_address>0x9d78</run_address>
         <size>0x12f</size>
         <input_file_ref idref="fl-d0"/>
      </object_component>
      <object_component id="oc-d5">
         <name>.debug_info</name>
         <load_address>0x9ea7</load_address>
         <run_address>0x9ea7</run_address>
         <size>0x12f</size>
         <input_file_ref idref="fl-d1"/>
      </object_component>
      <object_component id="oc-1aa">
         <name>.debug_info</name>
         <load_address>0x9fd6</load_address>
         <run_address>0x9fd6</run_address>
         <size>0x131</size>
         <input_file_ref idref="fl-d2"/>
      </object_component>
      <object_component id="oc-8e">
         <name>.debug_info</name>
         <load_address>0xa107</load_address>
         <run_address>0xa107</run_address>
         <size>0x14a</size>
         <input_file_ref idref="fl-d3"/>
      </object_component>
      <object_component id="oc-8b">
         <name>.debug_info</name>
         <load_address>0xa251</load_address>
         <run_address>0xa251</run_address>
         <size>0x31e</size>
         <input_file_ref idref="fl-d4"/>
      </object_component>
      <object_component id="oc-45">
         <name>.debug_info</name>
         <load_address>0xa56f</load_address>
         <run_address>0xa56f</run_address>
         <size>0x1bf</size>
         <input_file_ref idref="fl-d4"/>
      </object_component>
      <object_component id="oc-86">
         <name>.debug_info</name>
         <load_address>0xa72e</load_address>
         <run_address>0xa72e</run_address>
         <size>0x46</size>
         <input_file_ref idref="fl-d4"/>
      </object_component>
      <object_component id="oc-43">
         <name>.debug_info</name>
         <load_address>0xa774</load_address>
         <run_address>0xa774</run_address>
         <size>0x2a8</size>
         <input_file_ref idref="fl-d5"/>
      </object_component>
      <object_component id="oc-1b">
         <name>.debug_info</name>
         <load_address>0xaa1c</load_address>
         <run_address>0xaa1c</run_address>
         <size>0x1ea</size>
         <input_file_ref idref="fl-d5"/>
      </object_component>
      <object_component id="oc-3e">
         <name>.debug_info</name>
         <load_address>0xac06</load_address>
         <run_address>0xac06</run_address>
         <size>0x46</size>
         <input_file_ref idref="fl-d5"/>
      </object_component>
      <object_component id="oc-7e">
         <name>.debug_info</name>
         <load_address>0xac4c</load_address>
         <run_address>0xac4c</run_address>
         <size>0x2c</size>
         <input_file_ref idref="fl-d5"/>
      </object_component>
      <object_component id="oc-7c">
         <name>.debug_info</name>
         <load_address>0xac78</load_address>
         <run_address>0xac78</run_address>
         <size>0x29e</size>
         <input_file_ref idref="fl-d6"/>
      </object_component>
      <object_component id="oc-16">
         <name>.debug_info</name>
         <load_address>0xaf16</load_address>
         <run_address>0xaf16</run_address>
         <size>0x250</size>
         <input_file_ref idref="fl-d6"/>
      </object_component>
      <object_component id="oc-2e">
         <name>.debug_info</name>
         <load_address>0xb166</load_address>
         <run_address>0xb166</run_address>
         <size>0x60</size>
         <input_file_ref idref="fl-d6"/>
      </object_component>
      <object_component id="oc-b0">
         <name>.debug_info</name>
         <load_address>0xb1c6</load_address>
         <run_address>0xb1c6</run_address>
         <size>0x46</size>
         <input_file_ref idref="fl-d6"/>
      </object_component>
      <object_component id="oc-77">
         <name>.debug_info</name>
         <load_address>0xb20c</load_address>
         <run_address>0xb20c</run_address>
         <size>0x39</size>
         <input_file_ref idref="fl-d6"/>
      </object_component>
      <object_component id="oc-272">
         <name>.debug_info</name>
         <load_address>0xb245</load_address>
         <run_address>0xb245</run_address>
         <size>0x289</size>
         <input_file_ref idref="fl-d7"/>
      </object_component>
      <object_component id="oc-26f">
         <name>.debug_info</name>
         <load_address>0xb4ce</load_address>
         <run_address>0xb4ce</run_address>
         <size>0x10e</size>
         <input_file_ref idref="fl-d7"/>
      </object_component>
      <object_component id="oc-1e9">
         <name>.debug_info</name>
         <load_address>0xb5dc</load_address>
         <run_address>0xb5dc</run_address>
         <size>0x14e</size>
         <input_file_ref idref="fl-d7"/>
      </object_component>
      <object_component id="oc-22">
         <name>.debug_info</name>
         <load_address>0xb72a</load_address>
         <run_address>0xb72a</run_address>
         <size>0x10b</size>
         <input_file_ref idref="fl-d8"/>
      </object_component>
      <object_component id="oc-59">
         <name>.debug_info</name>
         <load_address>0xb835</load_address>
         <run_address>0xb835</run_address>
         <size>0x1af</size>
         <input_file_ref idref="fl-d8"/>
      </object_component>
      <object_component id="oc-135">
         <name>.debug_info</name>
         <load_address>0xb9e4</load_address>
         <run_address>0xb9e4</run_address>
         <size>0x122</size>
         <input_file_ref idref="fl-d9"/>
      </object_component>
      <object_component id="oc-239">
         <name>.debug_info</name>
         <load_address>0xbb06</load_address>
         <run_address>0xbb06</run_address>
         <size>0x2c5</size>
         <input_file_ref idref="fl-dc"/>
      </object_component>
      <object_component id="oc-19e">
         <name>.debug_info</name>
         <load_address>0xbdcb</load_address>
         <run_address>0xbdcb</run_address>
         <size>0x149</size>
         <input_file_ref idref="fl-dc"/>
      </object_component>
      <object_component id="oc-23e">
         <name>.debug_info</name>
         <load_address>0xbf14</load_address>
         <run_address>0xbf14</run_address>
         <size>0x2b9</size>
         <input_file_ref idref="fl-dd"/>
      </object_component>
      <object_component id="oc-1a2">
         <name>.debug_info</name>
         <load_address>0xc1cd</load_address>
         <run_address>0xc1cd</run_address>
         <size>0x17c</size>
         <input_file_ref idref="fl-dd"/>
      </object_component>
      <object_component id="oc-2b4">
         <name>.debug_info</name>
         <load_address>0xc349</load_address>
         <run_address>0xc349</run_address>
         <size>0xf9</size>
         <input_file_ref idref="fl-de"/>
      </object_component>
      <object_component id="oc-23b">
         <name>.debug_info</name>
         <load_address>0xc442</load_address>
         <run_address>0xc442</run_address>
         <size>0x105</size>
         <input_file_ref idref="fl-de"/>
      </object_component>
      <object_component id="oc-1b9">
         <name>.debug_info</name>
         <load_address>0xc547</load_address>
         <run_address>0xc547</run_address>
         <size>0x28f</size>
         <input_file_ref idref="fl-df"/>
      </object_component>
      <object_component id="oc-e3">
         <name>.debug_info</name>
         <load_address>0xc7d6</load_address>
         <run_address>0xc7d6</run_address>
         <size>0x24b</size>
         <input_file_ref idref="fl-df"/>
      </object_component>
      <object_component id="oc-220">
         <name>.debug_info</name>
         <load_address>0xca21</load_address>
         <run_address>0xca21</run_address>
         <size>0x290</size>
         <input_file_ref idref="fl-e0"/>
      </object_component>
      <object_component id="oc-191">
         <name>.debug_info</name>
         <load_address>0xccb1</load_address>
         <run_address>0xccb1</run_address>
         <size>0x2aa</size>
         <input_file_ref idref="fl-e0"/>
      </object_component>
      <object_component id="oc-2ae">
         <name>.debug_info</name>
         <load_address>0xcf5b</load_address>
         <run_address>0xcf5b</run_address>
         <size>0x3da</size>
         <input_file_ref idref="fl-e1"/>
      </object_component>
      <object_component id="oc-2ab">
         <name>.debug_info</name>
         <load_address>0xd335</load_address>
         <run_address>0xd335</run_address>
         <size>0x123</size>
         <input_file_ref idref="fl-e1"/>
      </object_component>
      <object_component id="oc-233">
         <name>.debug_info</name>
         <load_address>0xd458</load_address>
         <run_address>0xd458</run_address>
         <size>0x4e0</size>
         <input_file_ref idref="fl-e1"/>
      </object_component>
      <object_component id="oc-231">
         <name>.debug_info</name>
         <load_address>0xd938</load_address>
         <run_address>0xd938</run_address>
         <size>0x2fe</size>
         <input_file_ref idref="fl-e2"/>
      </object_component>
      <object_component id="oc-22e">
         <name>.debug_info</name>
         <load_address>0xdc36</load_address>
         <run_address>0xdc36</run_address>
         <size>0x105</size>
         <input_file_ref idref="fl-e2"/>
      </object_component>
      <object_component id="oc-196">
         <name>.debug_info</name>
         <load_address>0xdd3b</load_address>
         <run_address>0xdd3b</run_address>
         <size>0x1ab</size>
         <input_file_ref idref="fl-e2"/>
      </object_component>
      <object_component id="oc-2ba">
         <name>.debug_info</name>
         <load_address>0xdee6</load_address>
         <run_address>0xdee6</run_address>
         <size>0x161</size>
         <input_file_ref idref="fl-e3"/>
      </object_component>
      <object_component id="oc-25c">
         <name>.debug_info</name>
         <load_address>0xe047</load_address>
         <run_address>0xe047</run_address>
         <size>0x3aa</size>
         <input_file_ref idref="fl-e4"/>
      </object_component>
      <object_component id="oc-259">
         <name>.debug_info</name>
         <load_address>0xe3f1</load_address>
         <run_address>0xe3f1</run_address>
         <size>0x13a</size>
         <input_file_ref idref="fl-e4"/>
      </object_component>
      <object_component id="oc-1d4">
         <name>.debug_info</name>
         <load_address>0xe52b</load_address>
         <run_address>0xe52b</run_address>
         <size>0x72f</size>
         <input_file_ref idref="fl-e4"/>
      </object_component>
      <object_component id="oc-264">
         <name>.debug_info</name>
         <load_address>0xec5a</load_address>
         <run_address>0xec5a</run_address>
         <size>0x28d</size>
         <input_file_ref idref="fl-e5"/>
      </object_component>
      <object_component id="oc-1da">
         <name>.debug_info</name>
         <load_address>0xeee7</load_address>
         <run_address>0xeee7</run_address>
         <size>0x327</size>
         <input_file_ref idref="fl-e5"/>
      </object_component>
      <object_component id="oc-251">
         <name>.debug_info</name>
         <load_address>0xf20e</load_address>
         <run_address>0xf20e</run_address>
         <size>0x292</size>
         <input_file_ref idref="fl-e6"/>
      </object_component>
      <object_component id="oc-1ce">
         <name>.debug_info</name>
         <load_address>0xf4a0</load_address>
         <run_address>0xf4a0</run_address>
         <size>0x380</size>
         <input_file_ref idref="fl-e6"/>
      </object_component>
      <object_component id="oc-2c6">
         <name>.debug_info</name>
         <load_address>0xf820</load_address>
         <run_address>0xf820</run_address>
         <size>0x28f</size>
         <input_file_ref idref="fl-e7"/>
      </object_component>
      <object_component id="oc-253">
         <name>.debug_info</name>
         <load_address>0xfaaf</load_address>
         <run_address>0xfaaf</run_address>
         <size>0x22a</size>
         <input_file_ref idref="fl-e7"/>
      </object_component>
      <object_component id="oc-3a">
         <name>.debug_info</name>
         <load_address>0xfcd9</load_address>
         <run_address>0xfcd9</run_address>
         <size>0x11c</size>
         <input_file_ref idref="fl-e8"/>
      </object_component>
      <object_component id="oc-207">
         <name>.debug_info</name>
         <load_address>0xfdf5</load_address>
         <run_address>0xfdf5</run_address>
         <size>0x552</size>
         <input_file_ref idref="fl-e9"/>
      </object_component>
      <object_component id="oc-141">
         <name>.debug_info</name>
         <load_address>0x10347</load_address>
         <run_address>0x10347</run_address>
         <size>0x1a6</size>
         <input_file_ref idref="fl-e9"/>
      </object_component>
      <object_component id="oc-28f">
         <name>.debug_info</name>
         <load_address>0x104ed</load_address>
         <run_address>0x104ed</run_address>
         <size>0x39</size>
         <input_file_ref idref="fl-e9"/>
      </object_component>
      <object_component id="oc-2dd">
         <name>.debug_info</name>
         <load_address>0x10526</load_address>
         <run_address>0x10526</run_address>
         <size>0x39</size>
         <input_file_ref idref="fl-e9"/>
      </object_component>
      <object_component id="oc-294">
         <name>.debug_info</name>
         <load_address>0x1055f</load_address>
         <run_address>0x1055f</run_address>
         <size>0x39</size>
         <input_file_ref idref="fl-e9"/>
      </object_component>
      <object_component id="oc-299">
         <name>.debug_info</name>
         <load_address>0x10598</load_address>
         <run_address>0x10598</run_address>
         <size>0xcd</size>
         <input_file_ref idref="fl-e9"/>
      </object_component>
      <object_component id="oc-93">
         <name>.debug_info</name>
         <load_address>0x10665</load_address>
         <run_address>0x10665</run_address>
         <size>0x153</size>
         <input_file_ref idref="fl-ea"/>
      </object_component>
      <object_component id="oc-2a5">
         <name>.debug_info</name>
         <load_address>0x107b8</load_address>
         <run_address>0x107b8</run_address>
         <size>0x290</size>
         <input_file_ref idref="fl-ec"/>
      </object_component>
      <object_component id="oc-228">
         <name>.debug_info</name>
         <load_address>0x10a48</load_address>
         <run_address>0x10a48</run_address>
         <size>0x198</size>
         <input_file_ref idref="fl-ec"/>
      </object_component>
      <object_component id="oc-2a3">
         <name>.debug_info</name>
         <load_address>0x10be0</load_address>
         <run_address>0x10be0</run_address>
         <size>0x295</size>
         <input_file_ref idref="fl-ed"/>
      </object_component>
      <object_component id="oc-222">
         <name>.debug_info</name>
         <load_address>0x10e75</load_address>
         <run_address>0x10e75</run_address>
         <size>0x1c3</size>
         <input_file_ref idref="fl-ed"/>
      </object_component>
      <object_component id="oc-326">
         <name>.debug_info</name>
         <load_address>0x11038</load_address>
         <run_address>0x11038</run_address>
         <size>0xa4</size>
      </object_component>
      <object_component id="oc-173">
         <name>.debug_line</name>
         <load_address>0x0</load_address>
         <run_address>0x0</run_address>
         <size>0x63</size>
         <input_file_ref idref="fl-2"/>
      </object_component>
      <object_component id="oc-c4">
         <name>.debug_line</name>
         <load_address>0x63</load_address>
         <run_address>0x63</run_address>
         <size>0x20f</size>
         <input_file_ref idref="fl-2"/>
      </object_component>
      <object_component id="oc-70">
         <name>.debug_line</name>
         <load_address>0x272</load_address>
         <run_address>0x272</run_address>
         <size>0x69</size>
         <input_file_ref idref="fl-2"/>
      </object_component>
      <object_component id="oc-36">
         <name>.debug_line</name>
         <load_address>0x2db</load_address>
         <run_address>0x2db</run_address>
         <size>0x20</size>
         <input_file_ref idref="fl-2"/>
      </object_component>
      <object_component id="oc-ad">
         <name>.debug_line</name>
         <load_address>0x2fb</load_address>
         <run_address>0x2fb</run_address>
         <size>0x6d</size>
         <input_file_ref idref="fl-2"/>
      </object_component>
      <object_component id="oc-24d">
         <name>.debug_line</name>
         <load_address>0x368</load_address>
         <run_address>0x368</run_address>
         <size>0x63</size>
         <input_file_ref idref="fl-3"/>
      </object_component>
      <object_component id="oc-e0">
         <name>.debug_line</name>
         <load_address>0x3cb</load_address>
         <run_address>0x3cb</run_address>
         <size>0xbf</size>
         <input_file_ref idref="fl-3"/>
      </object_component>
      <object_component id="oc-1bb">
         <name>.debug_line</name>
         <load_address>0x48a</load_address>
         <run_address>0x48a</run_address>
         <size>0x109</size>
         <input_file_ref idref="fl-4"/>
      </object_component>
      <object_component id="oc-d0">
         <name>.debug_line</name>
         <load_address>0x593</load_address>
         <run_address>0x593</run_address>
         <size>0x1a6</size>
         <input_file_ref idref="fl-4"/>
      </object_component>
      <object_component id="oc-132">
         <name>.debug_line</name>
         <load_address>0x739</load_address>
         <run_address>0x739</run_address>
         <size>0x20</size>
         <input_file_ref idref="fl-4"/>
      </object_component>
      <object_component id="oc-75">
         <name>.debug_line</name>
         <load_address>0x759</load_address>
         <run_address>0x759</run_address>
         <size>0x6a</size>
         <input_file_ref idref="fl-4"/>
      </object_component>
      <object_component id="oc-ba">
         <name>.debug_line</name>
         <load_address>0x7c3</load_address>
         <run_address>0x7c3</run_address>
         <size>0x65</size>
         <input_file_ref idref="fl-4"/>
      </object_component>
      <object_component id="oc-1c4">
         <name>.debug_line</name>
         <load_address>0x828</load_address>
         <run_address>0x828</run_address>
         <size>0x73</size>
         <input_file_ref idref="fl-5"/>
      </object_component>
      <object_component id="oc-c7">
         <name>.debug_line</name>
         <load_address>0x89b</load_address>
         <run_address>0x89b</run_address>
         <size>0x12f</size>
         <input_file_ref idref="fl-5"/>
      </object_component>
      <object_component id="oc-1bd">
         <name>.debug_line</name>
         <load_address>0x9ca</load_address>
         <run_address>0x9ca</run_address>
         <size>0xec</size>
         <input_file_ref idref="fl-6"/>
      </object_component>
      <object_component id="oc-1c6">
         <name>.debug_line</name>
         <load_address>0xab6</load_address>
         <run_address>0xab6</run_address>
         <size>0x2d</size>
         <input_file_ref idref="fl-6"/>
      </object_component>
      <object_component id="oc-9c">
         <name>.debug_line</name>
         <load_address>0xae3</load_address>
         <run_address>0xae3</run_address>
         <size>0x343</size>
         <input_file_ref idref="fl-6"/>
      </object_component>
      <object_component id="oc-1c1">
         <name>.debug_line</name>
         <load_address>0xe26</load_address>
         <run_address>0xe26</run_address>
         <size>0x65</size>
         <input_file_ref idref="fl-6"/>
      </object_component>
      <object_component id="oc-6c">
         <name>.debug_line</name>
         <load_address>0xe8b</load_address>
         <run_address>0xe8b</run_address>
         <size>0x41</size>
         <input_file_ref idref="fl-7"/>
      </object_component>
      <object_component id="oc-2b">
         <name>.debug_line</name>
         <load_address>0xecc</load_address>
         <run_address>0xecc</run_address>
         <size>0x41</size>
         <input_file_ref idref="fl-7"/>
      </object_component>
      <object_component id="oc-28">
         <name>.debug_line</name>
         <load_address>0xf0d</load_address>
         <run_address>0xf0d</run_address>
         <size>0xa1</size>
         <input_file_ref idref="fl-7"/>
      </object_component>
      <object_component id="oc-27a">
         <name>.debug_line</name>
         <load_address>0xfae</load_address>
         <run_address>0xfae</run_address>
         <size>0x2a</size>
         <input_file_ref idref="fl-c1"/>
      </object_component>
      <object_component id="oc-126">
         <name>.debug_line</name>
         <load_address>0xfd8</load_address>
         <run_address>0xfd8</run_address>
         <size>0xe0</size>
         <input_file_ref idref="fl-c1"/>
      </object_component>
      <object_component id="oc-26a">
         <name>.debug_line</name>
         <load_address>0x10b8</load_address>
         <run_address>0x10b8</run_address>
         <size>0x9d</size>
         <input_file_ref idref="fl-c1"/>
      </object_component>
      <object_component id="oc-1e3">
         <name>.debug_line</name>
         <load_address>0x1155</load_address>
         <run_address>0x1155</run_address>
         <size>0x9a</size>
         <input_file_ref idref="fl-c1"/>
      </object_component>
      <object_component id="oc-27e">
         <name>.debug_line</name>
         <load_address>0x11ef</load_address>
         <run_address>0x11ef</run_address>
         <size>0x20</size>
         <input_file_ref idref="fl-c2"/>
      </object_component>
      <object_component id="oc-27c">
         <name>.debug_line</name>
         <load_address>0x120f</load_address>
         <run_address>0x120f</run_address>
         <size>0x2c</size>
         <input_file_ref idref="fl-c2"/>
      </object_component>
      <object_component id="oc-12d">
         <name>.debug_line</name>
         <load_address>0x123b</load_address>
         <run_address>0x123b</run_address>
         <size>0x1ab</size>
         <input_file_ref idref="fl-c2"/>
      </object_component>
      <object_component id="oc-2c2">
         <name>.debug_line</name>
         <load_address>0x13e6</load_address>
         <run_address>0x13e6</run_address>
         <size>0x9e</size>
         <input_file_ref idref="fl-c3"/>
      </object_component>
      <object_component id="oc-2b8">
         <name>.debug_line</name>
         <load_address>0x1484</load_address>
         <run_address>0x1484</run_address>
         <size>0x2b</size>
         <input_file_ref idref="fl-c3"/>
      </object_component>
      <object_component id="oc-1b3">
         <name>.debug_line</name>
         <load_address>0x14af</load_address>
         <run_address>0x14af</run_address>
         <size>0x2bc</size>
         <input_file_ref idref="fl-c3"/>
      </object_component>
      <object_component id="oc-274">
         <name>.debug_line</name>
         <load_address>0x176b</load_address>
         <run_address>0x176b</run_address>
         <size>0x94</size>
         <input_file_ref idref="fl-c4"/>
      </object_component>
      <object_component id="oc-11f">
         <name>.debug_line</name>
         <load_address>0x17ff</load_address>
         <run_address>0x17ff</run_address>
         <size>0x12d</size>
         <input_file_ref idref="fl-c4"/>
      </object_component>
      <object_component id="oc-2f9">
         <name>.debug_line</name>
         <load_address>0x192c</load_address>
         <run_address>0x192c</run_address>
         <size>0x20</size>
         <input_file_ref idref="fl-c5"/>
      </object_component>
      <object_component id="oc-2d7">
         <name>.debug_line</name>
         <load_address>0x194c</load_address>
         <run_address>0x194c</run_address>
         <size>0x2c</size>
         <input_file_ref idref="fl-c5"/>
      </object_component>
      <object_component id="oc-1f3">
         <name>.debug_line</name>
         <load_address>0x1978</load_address>
         <run_address>0x1978</run_address>
         <size>0xca</size>
         <input_file_ref idref="fl-c5"/>
      </object_component>
      <object_component id="oc-26d">
         <name>.debug_line</name>
         <load_address>0x1a42</load_address>
         <run_address>0x1a42</run_address>
         <size>0x42</size>
         <input_file_ref idref="fl-c6"/>
      </object_component>
      <object_component id="oc-117">
         <name>.debug_line</name>
         <load_address>0x1a84</load_address>
         <run_address>0x1a84</run_address>
         <size>0x215</size>
         <input_file_ref idref="fl-c6"/>
      </object_component>
      <object_component id="oc-2f5">
         <name>.debug_line</name>
         <load_address>0x1c99</load_address>
         <run_address>0x1c99</run_address>
         <size>0x9e</size>
         <input_file_ref idref="fl-c7"/>
      </object_component>
      <object_component id="oc-247">
         <name>.debug_line</name>
         <load_address>0x1d37</load_address>
         <run_address>0x1d37</run_address>
         <size>0x9c</size>
         <input_file_ref idref="fl-c7"/>
      </object_component>
      <object_component id="oc-2ce">
         <name>.debug_line</name>
         <load_address>0x1dd3</load_address>
         <run_address>0x1dd3</run_address>
         <size>0x9d</size>
         <input_file_ref idref="fl-c7"/>
      </object_component>
      <object_component id="oc-261">
         <name>.debug_line</name>
         <load_address>0x1e70</load_address>
         <run_address>0x1e70</run_address>
         <size>0x9a</size>
         <input_file_ref idref="fl-c7"/>
      </object_component>
      <object_component id="oc-266">
         <name>.debug_line</name>
         <load_address>0x1f0a</load_address>
         <run_address>0x1f0a</run_address>
         <size>0x42</size>
         <input_file_ref idref="fl-c8"/>
      </object_component>
      <object_component id="oc-114">
         <name>.debug_line</name>
         <load_address>0x1f4c</load_address>
         <run_address>0x1f4c</run_address>
         <size>0x212</size>
         <input_file_ref idref="fl-c8"/>
      </object_component>
      <object_component id="oc-fa">
         <name>.debug_line</name>
         <load_address>0x215e</load_address>
         <run_address>0x215e</run_address>
         <size>0xd2</size>
         <input_file_ref idref="fl-c9"/>
      </object_component>
      <object_component id="oc-ff">
         <name>.debug_line</name>
         <load_address>0x2230</load_address>
         <run_address>0x2230</run_address>
         <size>0x77</size>
         <input_file_ref idref="fl-ca"/>
      </object_component>
      <object_component id="oc-105">
         <name>.debug_line</name>
         <load_address>0x22a7</load_address>
         <run_address>0x22a7</run_address>
         <size>0x77</size>
         <input_file_ref idref="fl-ca"/>
      </object_component>
      <object_component id="oc-17b">
         <name>.debug_line</name>
         <load_address>0x231e</load_address>
         <run_address>0x231e</run_address>
         <size>0xa8</size>
         <input_file_ref idref="fl-cb"/>
      </object_component>
      <object_component id="oc-10a">
         <name>.debug_line</name>
         <load_address>0x23c6</load_address>
         <run_address>0x23c6</run_address>
         <size>0x8e</size>
         <input_file_ref idref="fl-cc"/>
      </object_component>
      <object_component id="oc-180">
         <name>.debug_line</name>
         <load_address>0x2454</load_address>
         <run_address>0x2454</run_address>
         <size>0x5a</size>
         <input_file_ref idref="fl-cd"/>
      </object_component>
      <object_component id="oc-db">
         <name>.debug_line</name>
         <load_address>0x24ae</load_address>
         <run_address>0x24ae</run_address>
         <size>0x67</size>
         <input_file_ref idref="fl-ce"/>
      </object_component>
      <object_component id="oc-178">
         <name>.debug_line</name>
         <load_address>0x2515</load_address>
         <run_address>0x2515</run_address>
         <size>0x59</size>
         <input_file_ref idref="fl-cf"/>
      </object_component>
      <object_component id="oc-10f">
         <name>.debug_line</name>
         <load_address>0x256e</load_address>
         <run_address>0x256e</run_address>
         <size>0x57</size>
         <input_file_ref idref="fl-d0"/>
      </object_component>
      <object_component id="oc-d3">
         <name>.debug_line</name>
         <load_address>0x25c5</load_address>
         <run_address>0x25c5</run_address>
         <size>0x50</size>
         <input_file_ref idref="fl-d1"/>
      </object_component>
      <object_component id="oc-1a9">
         <name>.debug_line</name>
         <load_address>0x2615</load_address>
         <run_address>0x2615</run_address>
         <size>0x4c</size>
         <input_file_ref idref="fl-d2"/>
      </object_component>
      <object_component id="oc-8d">
         <name>.debug_line</name>
         <load_address>0x2661</load_address>
         <run_address>0x2661</run_address>
         <size>0x79</size>
         <input_file_ref idref="fl-d3"/>
      </object_component>
      <object_component id="oc-bd">
         <name>.debug_line</name>
         <load_address>0x26da</load_address>
         <run_address>0x26da</run_address>
         <size>0xa9</size>
         <input_file_ref idref="fl-d4"/>
      </object_component>
      <object_component id="oc-48">
         <name>.debug_line</name>
         <load_address>0x2783</load_address>
         <run_address>0x2783</run_address>
         <size>0x4f</size>
         <input_file_ref idref="fl-d4"/>
      </object_component>
      <object_component id="oc-89">
         <name>.debug_line</name>
         <load_address>0x27d2</load_address>
         <run_address>0x27d2</run_address>
         <size>0x34</size>
         <input_file_ref idref="fl-d4"/>
      </object_component>
      <object_component id="oc-84">
         <name>.debug_line</name>
         <load_address>0x2806</load_address>
         <run_address>0x2806</run_address>
         <size>0x20</size>
         <input_file_ref idref="fl-d5"/>
      </object_component>
      <object_component id="oc-19">
         <name>.debug_line</name>
         <load_address>0x2826</load_address>
         <run_address>0x2826</run_address>
         <size>0x55</size>
         <input_file_ref idref="fl-d5"/>
      </object_component>
      <object_component id="oc-41">
         <name>.debug_line</name>
         <load_address>0x287b</load_address>
         <run_address>0x287b</run_address>
         <size>0x3a</size>
         <input_file_ref idref="fl-d5"/>
      </object_component>
      <object_component id="oc-81">
         <name>.debug_line</name>
         <load_address>0x28b5</load_address>
         <run_address>0x28b5</run_address>
         <size>0x95</size>
         <input_file_ref idref="fl-d5"/>
      </object_component>
      <object_component id="oc-b6">
         <name>.debug_line</name>
         <load_address>0x294a</load_address>
         <run_address>0x294a</run_address>
         <size>0x20</size>
         <input_file_ref idref="fl-d6"/>
      </object_component>
      <object_component id="oc-13">
         <name>.debug_line</name>
         <load_address>0x296a</load_address>
         <run_address>0x296a</run_address>
         <size>0xa9</size>
         <input_file_ref idref="fl-d6"/>
      </object_component>
      <object_component id="oc-31">
         <name>.debug_line</name>
         <load_address>0x2a13</load_address>
         <run_address>0x2a13</run_address>
         <size>0x3a</size>
         <input_file_ref idref="fl-d6"/>
[...]
         <object_component_ref idref="oc-c0"/>
      </symbol>
      <symbol id="sm-93">
         <name>deg2rad</name>
         <value>0x226b</value>
         <object_component_ref idref="oc-c0"/>
      </symbol>
      <symbol id="sm-94">
         <name>delayMs</name>
         <value>0x1f6b</value>
         <object_component_ref idref="oc-c0"/>
      </symbol>
      <symbol id="sm-95">
         <name>I2C1_Init</name>
         <value>0x22b5</value>
         <object_component_ref idref="oc-c0"/>
      </symbol>
      <symbol id="sm-96">
         <name>I2C1_byteWrite</name>
         <value>0x2469</value>
         <object_component_ref idref="oc-c0"/>
      </symbol>
      <symbol id="sm-97">
         <name>UART5_Init</name>
         <value>0x2033</value>
         <object_component_ref idref="oc-c0"/>
      </symbol>
      <symbol id="sm-98">
         <name>UART0_Init</name>
         <value>0x1fd3</value>
         <object_component_ref idref="oc-c0"/>
      </symbol>
      <symbol id="sm-99">
         <name>UART0Tx</name>
         <value>0x208d</value>
         <object_component_ref idref="oc-c0"/>
      </symbol>
      <symbol id="sm-9a">
         <name>getDistanceFromLatLonInm</name>
         <value>0x20ad</value>
         <object_component_ref idref="oc-c0"/>
      </symbol>
      <symbol id="sm-b2">
         <name>reverse</name>
         <value>0x46cd</value>
         <object_component_ref idref="oc-dc"/>
      </symbol>
      <symbol id="sm-b3">
         <name>ftoa</name>
         <value>0x4787</value>
         <object_component_ref idref="oc-dc"/>
      </symbol>
      <symbol id="sm-b4">
         <name>intToStr</name>
         <value>0x471d</value>
         <object_component_ref idref="oc-dc"/>
      </symbol>
      <symbol id="sm-100">
         <name>buf1</name>
         <value>0x20000200</value>
      </symbol>
      <symbol id="sm-101">
         <name>Current_Longitude</name>
         <value>0x20000280</value>
      </symbol>
      <symbol id="sm-102">
         <name>Current_Latitude</name>
         <value>0x20000278</value>
      </symbol>
      <symbol id="sm-103">
         <name>Sats_Num</name>
         <value>0x2000029c</value>
      </symbol>
      <symbol id="sm-104">
         <name>Validity</name>
         <value>0x2000029d</value>
      </symbol>
      <symbol id="sm-105">
         <name>encode</name>
         <value>0x350d</value>
         <object_component_ref idref="oc-cc"/>
      </symbol>
      <symbol id="sm-106">
         <name>read_gga</name>
         <value>0x3643</value>
         <object_component_ref idref="oc-cc"/>
      </symbol>
      <symbol id="sm-107">
         <name>process_buf</name>
         <value>0x3527</value>
         <object_component_ref idref="oc-cc"/>
      </symbol>
      <symbol id="sm-108">
         <name>parse_hex</name>
         <value>0x35f9</value>
         <object_component_ref idref="oc-cc"/>
      </symbol>
      <symbol id="sm-109">
         <name>printStr</name>
         <value>0x37d1</value>
         <object_component_ref idref="oc-cc"/>
      </symbol>
      <symbol id="sm-10a">
         <name>check_checksum</name>
         <value>0x354d</value>
         <object_component_ref idref="oc-cc"/>
      </symbol>
      <symbol id="sm-149">
         <name>xhigh</name>
         <value>0x20000294</value>
      </symbol>
      <symbol id="sm-14a">
         <name>xlow</name>
         <value>0x20000296</value>
      </symbol>
      <symbol id="sm-14b">
         <name>yhigh</name>
         <value>0x20000298</value>
      </symbol>
      <symbol id="sm-14c">
         <name>ylow</name>
         <value>0x2000029a</value>
      </symbol>
      <symbol id="sm-14d">
         <name>addr</name>
         <value>0x2000029e</value>
      </symbol>
      <symbol id="sm-14e">
         <name>mode</name>
         <value>0x2000029f</value>
      </symbol>
      <symbol id="sm-14f">
         <name>rate</name>
         <value>0x200002a2</value>
      </symbol>
      <symbol id="sm-150">
         <name>range</name>
         <value>0x200002a1</value>
      </symbol>
      <symbol id="sm-151">
         <name>oversampling</name>
         <value>0x200002a0</value>
      </symbol>
      <symbol id="sm-152">
         <name>timeDateReadBack</name>
         <value>0x20000288</value>
      </symbol>
      <symbol id="sm-153">
         <name>flag</name>
         <value>0x20000290</value>
      </symbol>
      <symbol id="sm-154">
         <name>QMC5883L_reconfig</name>
         <value>0x3b7b</value>
         <object_component_ref idref="oc-c6"/>
      </symbol>
      <symbol id="sm-155">
         <name>QMC5883L_setOversampling</name>
         <value>0x3bab</value>
         <object_component_ref idref="oc-c6"/>
      </symbol>
      <symbol id="sm-156">
         <name>QMC5883L_readHeading</name>
         <value>0x3c29</value>
         <object_component_ref idref="oc-c6"/>
      </symbol>
      <symbol id="sm-157">
         <name>QMC5883L_setSamplingRate</name>
         <value>0x3beb</value>
         <object_component_ref idref="oc-c6"/>
      </symbol>
      <symbol id="sm-158">
         <name>QMC5883L_init</name>
         <value>0x3b41</value>
         <object_component_ref idref="oc-c6"/>
      </symbol>
      <symbol id="sm-159">
         <name>QMC5883L_reset</name>
         <value>0x3b67</value>
         <object_component_ref idref="oc-c6"/>
      </symbol>
      <symbol id="sm-1e9">
         <name>heading</name>
         <value>0x200002b8</value>
         <object_component_ref idref="oc-f2"/>
      </symbol>
      <symbol id="sm-1ea">
         <name>stop</name>
         <value>0xc11</value>
         <object_component_ref idref="oc-98"/>
      </symbol>
      <symbol id="sm-1eb">
         <name>forward</name>
         <value>0xb39</value>
         <object_component_ref idref="oc-98"/>
      </symbol>
      <symbol id="sm-1ec">
         <name>pwm_speed</name>
         <value>0xa8d</value>
         <object_component_ref idref="oc-98"/>
      </symbol>
      <symbol id="sm-1ed">
         <name>target_angle</name>
         <value>0x200002a8</value>
         <object_component_ref idref="oc-f2"/>
      </symbol>
      <symbol id="sm-1ee">
         <name>backward</name>
         <value>0xb6d</value>
         <object_component_ref idref="oc-98"/>
      </symbol>
      <symbol id="sm-1ef">
         <name>PortE_Init</name>
         <value>0xa65</value>
         <object_component_ref idref="oc-98"/>
      </symbol>
      <symbol id="sm-1f0">
         <name>bearing</name>
         <value>0xc41</value>
         <object_component_ref idref="oc-98"/>
      </symbol>
      <symbol id="sm-1f1">
         <name>main</name>
         <value>0x26d</value>
         <object_component_ref idref="oc-98"/>
      </symbol>
      <symbol id="sm-1f2">
         <name>rotate</name>
         <value>0x200002b0</value>
         <object_component_ref idref="oc-f2"/>
      </symbol>
      <symbol id="sm-1f3">
         <name>getDistanceFromLatLonInKm</name>
         <value>0x8a9</value>
         <object_component_ref idref="oc-98"/>
      </symbol>
      <symbol id="sm-1f4">
         <name>m2</name>
         <value>0x200002cc</value>
         <object_component_ref idref="oc-f2"/>
      </symbol>
      <symbol id="sm-1f5">
         <name>m1</name>
         <value>0x200002c8</value>
         <object_component_ref idref="oc-f2"/>
      </symbol>
      <symbol id="sm-1f6">
         <name>left</name>
         <value>0xba9</value>
         <object_component_ref idref="oc-98"/>
      </symbol>
      <symbol id="sm-1f7">
         <name>difference</name>
         <value>0x200002c0</value>
         <object_component_ref idref="oc-f2"/>
      </symbol>
      <symbol id="sm-1f8">
         <name>right</name>
         <value>0xbdd</value>
         <object_component_ref idref="oc-98"/>
      </symbol>
      <symbol id="sm-214">
         <name>ResetISR</name>
         <value>0x53ab</value>
         <object_component_ref idref="oc-24"/>
      </symbol>
      <symbol id="sm-215">
         <name>g_pfnVectors</name>
         <value>0x0</value>
         <object_component_ref idref="oc-f"/>
      </symbol>
      <symbol id="sm-257">
         <name>atan2</name>
         <value>0x405d</value>
         <object_component_ref idref="oc-122"/>
      </symbol>
      <symbol id="sm-258">
         <name>atan2l</name>
         <value>0x405d</value>
         <object_component_ref idref="oc-122"/>
      </symbol>
      <symbol id="sm-297">
         <name>fmod</name>
         <value>0x3e29</value>
         <object_component_ref idref="oc-128"/>
      </symbol>
      <symbol id="sm-298">
         <name>fmodl</name>
         <value>0x3e29</value>
         <object_component_ref idref="oc-128"/>
      </symbol>
      <symbol id="sm-325">
         <name>pow</name>
         <value>0xe25</value>
         <object_component_ref idref="oc-1b0"/>
      </symbol>
      <symbol id="sm-326">
         <name>powl</name>
         <value>0xe25</value>
         <object_component_ref idref="oc-1b0"/>
      </symbol>
      <symbol id="sm-348">
         <name>sqrtl</name>
         <value>0x4831</value>
         <object_component_ref idref="oc-11c"/>
      </symbol>
      <symbol id="sm-349">
         <name>sqrt</name>
         <value>0x4831</value>
         <object_component_ref idref="oc-11c"/>
      </symbol>
      <symbol id="sm-37f">
         <name>atanl</name>
         <value>0x3855</value>
         <object_component_ref idref="oc-1ef"/>
      </symbol>
      <symbol id="sm-380">
         <name>atan</name>
         <value>0x3855</value>
         <object_component_ref idref="oc-1ef"/>
      </symbol>
      <symbol id="sm-3d1">
         <name>cosl</name>
         <value>0x250d</value>
         <object_component_ref idref="oc-116"/>
      </symbol>
      <symbol id="sm-3d2">
         <name>cos</name>
         <value>0x250d</value>
         <object_component_ref idref="oc-116"/>
      </symbol>
      <symbol id="sm-3f9">
         <name>scalbn</name>
         <value>0x4ac1</value>
         <object_component_ref idref="oc-243"/>
      </symbol>
      <symbol id="sm-3fa">
         <name>scalbnl</name>
         <value>0x4ac1</value>
         <object_component_ref idref="oc-243"/>
      </symbol>
      <symbol id="sm-3fb">
         <name>ldexpl</name>
         <value>0x4ac1</value>
         <object_component_ref idref="oc-243"/>
      </symbol>
      <symbol id="sm-3fc">
         <name>ldexp</name>
         <value>0x4ac1</value>
         <object_component_ref idref="oc-243"/>
      </symbol>
      <symbol id="sm-448">
         <name>sin</name>
         <value>0x2ae9</value>
         <object_component_ref idref="oc-110"/>
      </symbol>
      <symbol id="sm-449">
         <name>sinl</name>
         <value>0x2ae9</value>
         <object_component_ref idref="oc-110"/>
      </symbol>
      <symbol id="sm-460">
         <name>__aeabi_dsub</name>
         <value>0x4235</value>
         <object_component_ref idref="oc-f6"/>
      </symbol>
      <symbol id="sm-461">
         <name>__aeabi_dadd</name>
         <value>0x423f</value>
         <object_component_ref idref="oc-f6"/>
      </symbol>
      <symbol id="sm-483">
         <name>__aeabi_cdcmpeq</name>
         <value>0x4e61</value>
         <object_component_ref idref="oc-fb"/>
      </symbol>
      <symbol id="sm-484">
         <name>__aeabi_cdcmple</name>
         <value>0x4e61</value>
         <object_component_ref idref="oc-fb"/>
      </symbol>
      <symbol id="sm-485">
         <name>__aeabi_cdrcmple</name>
         <value>0x4ee7</value>
         <object_component_ref idref="oc-101"/>
      </symbol>
      <symbol id="sm-499">
         <name>__aeabi_ddiv</name>
         <value>0x4989</value>
         <object_component_ref idref="oc-17a"/>
      </symbol>
      <symbol id="sm-4a4">
         <name>__aeabi_dmul</name>
         <value>0x4bd1</value>
         <object_component_ref idref="oc-106"/>
      </symbol>
      <symbol id="sm-4ae">
         <name>__aeabi_d2iz</name>
         <value>0x5109</value>
         <object_component_ref idref="oc-17f"/>
      </symbol>
      <symbol id="sm-4ba">
         <name>__aeabi_d2f</name>
         <value>0x4fe7</value>
         <object_component_ref idref="oc-d7"/>
      </symbol>
      <symbol id="sm-4c4">
         <name>__aeabi_d2uiz</name>
         <value>0x5195</value>
         <object_component_ref idref="oc-174"/>
      </symbol>
      <symbol id="sm-4cf">
         <name>__aeabi_f2d</name>
         <value>0x5251</value>
         <object_component_ref idref="oc-10b"/>
      </symbol>
      <symbol id="sm-4d9">
         <name>__aeabi_i2d</name>
         <value>0x5289</value>
         <object_component_ref idref="oc-d2"/>
      </symbol>
      <symbol id="sm-4e3">
         <name>__aeabi_ui2d</name>
         <value>0x5331</value>
         <object_component_ref idref="oc-1a7"/>
      </symbol>
      <symbol id="sm-4f2">
         <name>__aeabi_memset</name>
         <value>0x4f6f</value>
         <object_component_ref idref="oc-8c"/>
      </symbol>
      <symbol id="sm-4f3">
         <name>memset</name>
         <value>0x4f75</value>
         <object_component_ref idref="oc-8c"/>
      </symbol>
      <symbol id="sm-4f4">
         <name>__aeabi_memset8</name>
         <value>0x4f6f</value>
         <object_component_ref idref="oc-8c"/>
      </symbol>
      <symbol id="sm-4f5">
         <name>__aeabi_memset4</name>
         <value>0x4f6f</value>
         <object_component_ref idref="oc-8c"/>
      </symbol>
      <symbol id="sm-4f6">
         <name>__aeabi_memclr8</name>
         <value>0x4f6d</value>
         <object_component_ref idref="oc-8c"/>
      </symbol>
      <symbol id="sm-4f7">
         <name>__aeabi_memclr4</name>
         <value>0x4f6d</value>
         <object_component_ref idref="oc-8c"/>
      </symbol>
      <symbol id="sm-4f8">
         <name>__aeabi_memclr</name>
         <value>0x4f6d</value>
         <object_component_ref idref="oc-8c"/>
      </symbol>
      <symbol id="sm-50c">
         <name>__TI_zero_init_nomemset</name>
         <value>0x538b</value>
         <object_component_ref idref="oc-44"/>
      </symbol>
      <symbol id="sm-523">
         <name>__TI_decompress_none</name>
         <value>0x539d</value>
         <object_component_ref idref="oc-18"/>
      </symbol>
      <symbol id="sm-546">
         <name>__TI_decompress_lzss</name>
         <value>0x5055</value>
         <object_component_ref idref="oc-12"/>
      </symbol>
      <symbol id="sm-55c">
         <name>__aeabi_errno_addr</name>
         <value>0x53b9</value>
         <object_component_ref idref="oc-1e7"/>
      </symbol>
      <symbol id="sm-55d">
         <name>errno</name>
         <value>0x200002d4</value>
         <object_component_ref idref="oc-26e"/>
      </symbol>
      <symbol id="sm-570">
         <name>__stack</name>
         <value>0x20000000</value>
         <object_component_ref idref="oc-21"/>
      </symbol>
      <symbol id="sm-571">
         <name>_c_int00_noargs</name>
         <value>0x5219</value>
         <object_component_ref idref="oc-56"/>
      </symbol>
      <symbol id="sm-57c">
         <name>C$$EXIT</name>
         <value>0x53c5</value>
         <object_component_ref idref="oc-134"/>
      </symbol>
      <symbol id="sm-57d">
         <name>abort</name>
         <value>0x53c5</value>
         <object_component_ref idref="oc-134"/>
      </symbol>
      <symbol id="sm-58c">
         <name>atof</name>
         <value>0x5379</value>
         <object_component_ref idref="oc-19b"/>
      </symbol>
      <symbol id="sm-5a2">
         <name>atoi</name>
         <value>0x50bd</value>
         <object_component_ref idref="oc-1a1"/>
      </symbol>
      <symbol id="sm-5ad">
         <name>_ctypes_</name>
         <value>0x5520</value>
         <object_component_ref idref="oc-23a"/>
      </symbol>
      <symbol id="sm-5bb">
         <name>strlen</name>
         <value>0x5365</value>
         <object_component_ref idref="oc-e2"/>
      </symbol>
      <symbol id="sm-5cb">
         <name>strncmp</name>
         <value>0x52b7</value>
         <object_component_ref idref="oc-18f"/>
      </symbol>
      <symbol id="sm-62b">
         <name>strtold</name>
         <value>0x30ad</value>
         <object_component_ref idref="oc-232"/>
      </symbol>
      <symbol id="sm-62c">
         <name>strtod</name>
         <value>0x30ad</value>
         <object_component_ref idref="oc-232"/>
      </symbol>
      <symbol id="sm-644">
         <name>strtok</name>
         <value>0x51d9</value>
         <object_component_ref idref="oc-195"/>
      </symbol>
      <symbol id="sm-64e">
         <name>copysign</name>
         <value>0x5351</value>
         <object_component_ref idref="oc-2b9"/>
      </symbol>
      <symbol id="sm-64f">
         <name>copysignl</name>
         <value>0x5351</value>
         <object_component_ref idref="oc-2b9"/>
      </symbol>
      <symbol id="sm-6b5">
         <name>__kernel_rem_pio2</name>
         <value>0x17e5</value>
         <object_component_ref idref="oc-1d2"/>
      </symbol>
      <symbol id="sm-6cb">
         <name>__kernel_cos</name>
         <value>0x4561</value>
         <object_component_ref idref="oc-1d8"/>
      </symbol>
      <symbol id="sm-6e2">
         <name>__kernel_sin</name>
         <value>0x43ed</value>
         <object_component_ref idref="oc-1cc"/>
      </symbol>
      <symbol id="sm-6ff">
         <name>floorl</name>
         <value>0x4ccd</value>
         <object_component_ref idref="oc-252"/>
      </symbol>
      <symbol id="sm-700">
         <name>floor</name>
         <value>0x4ccd</value>
         <object_component_ref idref="oc-252"/>
      </symbol>
      <symbol id="sm-71b">
         <name>memcpy</name>
         <value>0x4dc5</value>
         <object_component_ref idref="oc-38"/>
      </symbol>
      <symbol id="sm-71c">
         <name>__aeabi_memcpy</name>
         <value>0x4dc5</value>
         <object_component_ref idref="oc-38"/>
      </symbol>
      <symbol id="sm-71d">
         <name>__aeabi_memcpy8</name>
         <value>0x4dc5</value>
         <object_component_ref idref="oc-38"/>
      </symbol>
      <symbol id="sm-71e">
         <name>__aeabi_memcpy4</name>
         <value>0x4dc5</value>
         <object_component_ref idref="oc-38"/>
      </symbol>
      <symbol id="sm-746">
         <name>__TI_auto_init_nobinit_nopinit</name>
         <value>0x5151</value>
         <object_component_ref idref="oc-140"/>
      </symbol>
      <symbol id="sm-750">
         <name>_system_pre_init</name>
         <value>0x53c1</value>
         <object_component_ref idref="oc-92"/>
      </symbol>
      <symbol id="sm-762">
         <name>strcspn</name>
         <value>0x530d</value>
         <object_component_ref idref="oc-227"/>
      </symbol>
      <symbol id="sm-774">
         <name>strspn</name>
         <value>0x52e3</value>
         <object_component_ref idref="oc-221"/>
      </symbol>
      <symbol id="sm-775">
         <name>__TI_static_base__</name>
         <value>0x0</value>
      </symbol>
      <symbol id="sm-778">
         <name>__mpu_init</name>
         <value>0x0</value>
      </symbol>
      <symbol id="sm-779">
         <name>_system_post_cinit</name>
         <value>0x0</value>
      </symbol>
   </symbol_table>
   <title>Link successful</title>
</link_info>
